Vivado Simulator 2020.2
Copyright 1986-1999, 2001-2020 Xilinx, Inc. All Rights Reserved.
Running: F:/vivado_2020.2/Vivado/2020.2/bin/unwrapped/win64.o/xelab.exe -wto 45149134992243cf8c00c42db8c29f87 --incr --debug typical --relax --mt 12 -L xil_defaultlib -L unisims_ver -L unimacro_ver -L secureip -L xpm --snapshot testbench_behav xil_defaultlib.testbench xil_defaultlib.glbl -log elaborate.log 
Using 12 slave threads.
Starting static elaboration
Pass Through NonSizing Optimizer
Completed static elaboration
Starting simulation data flow analysis
Completed simulation data flow analysis
Time Resolution for simulation is 1ps
Compiling package std.standard
Compiling package std.textio
Compiling package ieee.std_logic_1164
Compiling package ieee.std_logic_arith
Compiling package ieee.std_logic_unsigned
Compiling package vl.vl_types
Compiling module xil_defaultlib.glbl
Compiling architecture behavioral of entity xil_defaultlib.Counter_Unit [\Counter_Unit(0,27)\]
Compiling module unisims_ver.IBUF
Compiling module unisims_ver.MMCME2_ADV(BANDWIDTH="LOW",CLKFB...
Compiling module unisims_ver.BUFG
Compiling module xil_defaultlib.clk_wiz_clk_wiz
Compiling module xil_defaultlib.clk_wiz
Compiling architecture behavioral of entity xil_defaultlib.FSM [\FSM(0,27)\]
Compiling architecture behavioral of entity xil_defaultlib.testbench
Built simulation snapshot testbench_behav
