
*** Running vivado
    with args -log FSM.vds -m64 -product Vivado -mode batch -messageDb vivado.pb -notrace -source FSM.tcl



****** Vivado v2020.2 (64-bit)
  **** SW Build 3064766 on Wed Nov 18 09:12:45 MST 2020
  **** IP Build 3064653 on Wed Nov 18 14:17:31 MST 2020
    ** Copyright 1986-2020 Xilinx, Inc. All Rights Reserved.

source FSM.tcl -notrace
Command: synth_design -top FSM -part xc7z010clg400-1
Starting synth_design
Attempting to get a license for feature 'Synthesis' and/or device 'xc7z010'
INFO: [Common 17-349] Got license for feature 'Synthesis' and/or device 'xc7z010'
INFO: [Device 21-403] Loading part xc7z010clg400-1
INFO: [Synth 8-7079] Multithreading enabled for synth_design using a maximum of 4 processes.
INFO: [Synth 8-7078] Launching helper process for spawning children vivado processes
INFO: [Synth 8-7075] Helper process launched with PID 24944
---------------------------------------------------------------------------------
Starting RTL Elaboration : Time (s): cpu = 00:00:05 ; elapsed = 00:00:05 . Memory (MB): peak = 1006.977 ; gain = 0.000
---------------------------------------------------------------------------------
INFO: [Synth 8-638] synthesizing module 'FSM' [C:/Users/33651/TP5_CCD/TP5_CCD.srcs/sources_1/new/FSM.vhd:20]
	Parameter max bound to: 28'b0101111101011110000100000000 
INFO: [Synth 8-3491] module 'Counter_Unit' declared at 'C:/Users/33651/TP5_CCD/TP5_CCD.srcs/sources_1/new/Counter_Unit.vhd:7' bound to instance 'uut' of component 'Counter_Unit' [C:/Users/33651/TP5_CCD/TP5_CCD.srcs/sources_1/new/FSM.vhd:61]
INFO: [Synth 8-638] synthesizing module 'Counter_Unit' [C:/Users/33651/TP5_CCD/TP5_CCD.srcs/sources_1/new/Counter_Unit.vhd:18]
	Parameter max bound to: 28'b0101111101011110000100000000 
INFO: [Synth 8-256] done synthesizing module 'Counter_Unit' (1#1) [C:/Users/33651/TP5_CCD/TP5_CCD.srcs/sources_1/new/Counter_Unit.vhd:18]
INFO: [Synth 8-3491] module 'Counter_Unit' declared at 'C:/Users/33651/TP5_CCD/TP5_CCD.srcs/sources_1/new/Counter_Unit.vhd:7' bound to instance 'uut2' of component 'Counter_Unit' [C:/Users/33651/TP5_CCD/TP5_CCD.srcs/sources_1/new/FSM.vhd:67]
INFO: [Synth 8-3491] module 'clk_wiz' declared at 'C:/Users/33651/TP5_CCD/TP5_CCD.runs/synth_1/.Xil/Vivado-25960-LAPTOP-9066CLLC/realtime/clk_wiz_stub.v:5' bound to instance 'clock_wizard' of component 'clk_wiz' [C:/Users/33651/TP5_CCD/TP5_CCD.srcs/sources_1/new/FSM.vhd:73]
INFO: [Synth 8-6157] synthesizing module 'clk_wiz' [C:/Users/33651/TP5_CCD/TP5_CCD.runs/synth_1/.Xil/Vivado-25960-LAPTOP-9066CLLC/realtime/clk_wiz_stub.v:5]
INFO: [Synth 8-6155] done synthesizing module 'clk_wiz' (2#1) [C:/Users/33651/TP5_CCD/TP5_CCD.runs/synth_1/.Xil/Vivado-25960-LAPTOP-9066CLLC/realtime/clk_wiz_stub.v:5]
WARNING: [Synth 8-614] signal 'cnt0' is read in the process but is not in the sensitivity list [C:/Users/33651/TP5_CCD/TP5_CCD.srcs/sources_1/new/FSM.vhd:139]
WARNING: [Synth 8-614] signal 'update' is read in the process but is not in the sensitivity list [C:/Users/33651/TP5_CCD/TP5_CCD.srcs/sources_1/new/FSM.vhd:139]
WARNING: [Synth 8-614] signal 'update_bis' is read in the process but is not in the sensitivity list [C:/Users/33651/TP5_CCD/TP5_CCD.srcs/sources_1/new/FSM.vhd:173]
WARNING: [Synth 8-614] signal 'cnt0' is read in the process but is not in the sensitivity list [C:/Users/33651/TP5_CCD/TP5_CCD.srcs/sources_1/new/FSM.vhd:173]
INFO: [Synth 8-256] done synthesizing module 'FSM' (3#1) [C:/Users/33651/TP5_CCD/TP5_CCD.srcs/sources_1/new/FSM.vhd:20]
---------------------------------------------------------------------------------
Finished RTL Elaboration : Time (s): cpu = 00:00:06 ; elapsed = 00:00:06 . Memory (MB): peak = 1006.977 ; gain = 0.000
---------------------------------------------------------------------------------
---------------------------------------------------------------------------------
Start Handling Custom Attributes
---------------------------------------------------------------------------------
---------------------------------------------------------------------------------
Finished Handling Custom Attributes : Time (s): cpu = 00:00:06 ; elapsed = 00:00:07 . Memory (MB): peak = 1006.977 ; gain = 0.000
---------------------------------------------------------------------------------
---------------------------------------------------------------------------------
Finished RTL Optimization Phase 1 : Time (s): cpu = 00:00:06 ; elapsed = 00:00:07 . Memory (MB): peak = 1006.977 ; gain = 0.000
---------------------------------------------------------------------------------
Netlist sorting complete. Time (s): cpu = 00:00:00 ; elapsed = 00:00:00.001 . Memory (MB): peak = 1006.977 ; gain = 0.000
INFO: [Project 1-570] Preparing netlist for logic optimization

Processing XDC Constraints
Initializing timing engine
Parsing XDC File [c:/Users/33651/TP5_CCD/TP5_CCD.gen/sources_1/ip/clk_wiz/clk_wiz/clk_wiz_in_context.xdc] for cell 'clock_wizard'
Finished Parsing XDC File [c:/Users/33651/TP5_CCD/TP5_CCD.gen/sources_1/ip/clk_wiz/clk_wiz/clk_wiz_in_context.xdc] for cell 'clock_wizard'
Parsing XDC File [C:/Users/33651/TP5_CCD/TP5_CCD.srcs/constrs_1/new/pin.xdc]
Finished Parsing XDC File [C:/Users/33651/TP5_CCD/TP5_CCD.srcs/constrs_1/new/pin.xdc]
INFO: [Project 1-236] Implementation specific constraints were found while reading constraint file [C:/Users/33651/TP5_CCD/TP5_CCD.srcs/constrs_1/new/pin.xdc]. These constraints will be ignored for synthesis but will be used in implementation. Impacted constraints are listed in the file [.Xil/FSM_propImpl.xdc].
Resolution: To avoid this warning, move constraints listed in [.Xil/FSM_propImpl.xdc] to another XDC file and exclude this new file from synthesis with the used_in_synthesis property (File Properties dialog in GUI) and re-run elaboration/synthesis.
Completed Processing XDC Constraints

Netlist sorting complete. Time (s): cpu = 00:00:00 ; elapsed = 00:00:00 . Memory (MB): peak = 1027.293 ; gain = 0.000
INFO: [Project 1-111] Unisim Transformation Summary:
No Unisim elements were transformed.

Constraint Validation Runtime : Time (s): cpu = 00:00:00 ; elapsed = 00:00:00.004 . Memory (MB): peak = 1027.293 ; gain = 0.000
---------------------------------------------------------------------------------
Finished Constraint Validation : Time (s): cpu = 00:00:12 ; elapsed = 00:00:14 . Memory (MB): peak = 1027.293 ; gain = 20.316
---------------------------------------------------------------------------------
---------------------------------------------------------------------------------
Start Loading Part and Timing Information
---------------------------------------------------------------------------------
Loading part: xc7z010clg400-1
---------------------------------------------------------------------------------
Finished Loading Part and Timing Information : Time (s): cpu = 00:00:12 ; elapsed = 00:00:14 . Memory (MB): peak = 1027.293 ; gain = 20.316
---------------------------------------------------------------------------------
---------------------------------------------------------------------------------
Start Applying 'set_property' XDC Constraints
---------------------------------------------------------------------------------
Applied set_property IO_BUFFER_TYPE = NONE for clk. (constraint file  c:/Users/33651/TP5_CCD/TP5_CCD.gen/sources_1/ip/clk_wiz/clk_wiz/clk_wiz_in_context.xdc, line 4).
Applied set_property CLOCK_BUFFER_TYPE = NONE for clk. (constraint file  c:/Users/33651/TP5_CCD/TP5_CCD.gen/sources_1/ip/clk_wiz/clk_wiz/clk_wiz_in_context.xdc, line 5).
Applied set_property KEEP_HIERARCHY = SOFT for clock_wizard. (constraint file  auto generated constraint).
---------------------------------------------------------------------------------
Finished applying 'set_property' XDC Constraints : Time (s): cpu = 00:00:12 ; elapsed = 00:00:14 . Memory (MB): peak = 1027.293 ; gain = 20.316
---------------------------------------------------------------------------------
INFO: [Synth 8-802] inferred FSM for state register 'current_color_led0_reg' in module 'FSM'
INFO: [Synth 8-802] inferred FSM for state register 'current_color_led1_reg' in module 'FSM'
---------------------------------------------------------------------------------------------------
                   State |                     New Encoding |                Previous Encoding 
---------------------------------------------------------------------------------------------------
                led0_red |                              001 |                               00
               led0_blue |                              010 |                               10
              led0_green |                              100 |                               01
---------------------------------------------------------------------------------------------------
INFO: [Synth 8-3354] encoded FSM with state register 'current_color_led0_reg' using encoding 'one-hot' in module 'FSM'
---------------------------------------------------------------------------------------------------
                   State |                     New Encoding |                Previous Encoding 
---------------------------------------------------------------------------------------------------
                led1_red |                              001 |                               00
               led1_blue |                              010 |                               10
              led1_green |                              100 |                               01
---------------------------------------------------------------------------------------------------
INFO: [Synth 8-3354] encoded FSM with state register 'current_color_led1_reg' using encoding 'one-hot' in module 'FSM'
WARNING: [Synth 8-327] inferring latch for variable 'h0_reg' [C:/Users/33651/TP5_CCD/TP5_CCD.srcs/sources_1/new/FSM.vhd:81]
---------------------------------------------------------------------------------
Finished RTL Optimization Phase 2 : Time (s): cpu = 00:00:13 ; elapsed = 00:00:14 . Memory (MB): peak = 1027.293 ; gain = 20.316
---------------------------------------------------------------------------------
---------------------------------------------------------------------------------
Start RTL Component Statistics 
---------------------------------------------------------------------------------
Detailed RTL Component Info : 
+---Adders : 
	   2 Input    4 Bit       Adders := 1     
+---XORs : 
	   2 Input      1 Bit         XORs := 1     
+---Registers : 
	                4 Bit    Registers := 1     
	                1 Bit    Registers := 9     
+---Muxes : 
	   3 Input    3 Bit        Muxes := 1     
	   2 Input    3 Bit        Muxes := 6     
	   2 Input    2 Bit        Muxes := 6     
	   3 Input    2 Bit        Muxes := 1     
	   2 Input    1 Bit        Muxes := 9     
---------------------------------------------------------------------------------
Finished RTL Component Statistics 
---------------------------------------------------------------------------------
---------------------------------------------------------------------------------
Start Part Resource Summary
---------------------------------------------------------------------------------
Part Resources:
DSPs: 80 (col length:40)
BRAMs: 120 (col length: RAMB18 40 RAMB36 20)
---------------------------------------------------------------------------------
Finished Part Resource Summary
---------------------------------------------------------------------------------
---------------------------------------------------------------------------------
Start Cross Boundary and Area Optimization
---------------------------------------------------------------------------------
---------------------------------------------------------------------------------
Finished Cross Boundary and Area Optimization : Time (s): cpu = 00:00:14 ; elapsed = 00:00:16 . Memory (MB): peak = 1027.293 ; gain = 20.316
---------------------------------------------------------------------------------
---------------------------------------------------------------------------------
Start Applying XDC Timing Constraints
---------------------------------------------------------------------------------
---------------------------------------------------------------------------------
Finished Applying XDC Timing Constraints : Time (s): cpu = 00:00:20 ; elapsed = 00:00:23 . Memory (MB): peak = 1027.293 ; gain = 20.316
---------------------------------------------------------------------------------
---------------------------------------------------------------------------------
Start Timing Optimization
---------------------------------------------------------------------------------
---------------------------------------------------------------------------------
Finished Timing Optimization : Time (s): cpu = 00:00:20 ; elapsed = 00:00:23 . Memory (MB): peak = 1033.984 ; gain = 27.008
---------------------------------------------------------------------------------
---------------------------------------------------------------------------------
Start Technology Mapping
---------------------------------------------------------------------------------
---------------------------------------------------------------------------------
Finished Technology Mapping : Time (s): cpu = 00:00:20 ; elapsed = 00:00:23 . Memory (MB): peak = 1034.738 ; gain = 27.762
---------------------------------------------------------------------------------
---------------------------------------------------------------------------------
Start IO Insertion
---------------------------------------------------------------------------------
---------------------------------------------------------------------------------
Start Flattening Before IO Insertion
---------------------------------------------------------------------------------
---------------------------------------------------------------------------------
Finished Flattening Before IO Insertion
---------------------------------------------------------------------------------
---------------------------------------------------------------------------------
Start Final Netlist Cleanup
---------------------------------------------------------------------------------
---------------------------------------------------------------------------------
Finished Final Netlist Cleanup
---------------------------------------------------------------------------------
---------------------------------------------------------------------------------
Finished IO Insertion : Time (s): cpu = 00:00:23 ; elapsed = 00:00:26 . Memory (MB): peak = 1039.555 ; gain = 32.578
---------------------------------------------------------------------------------
---------------------------------------------------------------------------------
Start Renaming Generated Instances
---------------------------------------------------------------------------------
---------------------------------------------------------------------------------
Finished Renaming Generated Instances : Time (s): cpu = 00:00:23 ; elapsed = 00:00:26 . Memory (MB): peak = 1039.555 ; gain = 32.578
---------------------------------------------------------------------------------
---------------------------------------------------------------------------------
Start Rebuilding User Hierarchy
---------------------------------------------------------------------------------
---------------------------------------------------------------------------------
Finished Rebuilding User Hierarchy : Time (s): cpu = 00:00:23 ; elapsed = 00:00:26 . Memory (MB): peak = 1039.555 ; gain = 32.578
---------------------------------------------------------------------------------
---------------------------------------------------------------------------------
Start Renaming Generated Ports
---------------------------------------------------------------------------------
---------------------------------------------------------------------------------
Finished Renaming Generated Ports : Time (s): cpu = 00:00:23 ; elapsed = 00:00:26 . Memory (MB): peak = 1039.555 ; gain = 32.578
---------------------------------------------------------------------------------
---------------------------------------------------------------------------------
Start Handling Custom Attributes
---------------------------------------------------------------------------------
---------------------------------------------------------------------------------
Finished Handling Custom Attributes : Time (s): cpu = 00:00:23 ; elapsed = 00:00:26 . Memory (MB): peak = 1039.555 ; gain = 32.578
---------------------------------------------------------------------------------
---------------------------------------------------------------------------------
Start Renaming Generated Nets
---------------------------------------------------------------------------------
---------------------------------------------------------------------------------
Finished Renaming Generated Nets : Time (s): cpu = 00:00:23 ; elapsed = 00:00:26 . Memory (MB): peak = 1039.555 ; gain = 32.578
---------------------------------------------------------------------------------
---------------------------------------------------------------------------------
Start Writing Synthesis Report
---------------------------------------------------------------------------------

Report BlackBoxes: 
+------+--------------+----------+
|      |BlackBox name |Instances |
+------+--------------+----------+
|1     |clk_wiz       |         1|
+------+--------------+----------+

Report Cell Usage: 
+------+--------+------+
|      |Cell    |Count |
+------+--------+------+
|1     |clk_wiz |     1|
|2     |CARRY4  |    14|
|3     |LUT1    |     3|
|4     |LUT2    |    10|
|5     |LUT3    |     8|
|6     |LUT4    |     7|
|7     |LUT5    |     8|
|8     |LUT6    |     6|
|9     |FDCE    |     4|
|10    |FDPE    |     2|
|11    |FDRE    |    67|
|12    |LD      |     1|
|13    |IBUF    |     2|
|14    |OBUF    |     6|
+------+--------+------+
---------------------------------------------------------------------------------
Finished Writing Synthesis Report : Time (s): cpu = 00:00:23 ; elapsed = 00:00:26 . Memory (MB): peak = 1039.555 ; gain = 32.578
---------------------------------------------------------------------------------
Synthesis finished with 0 errors, 0 critical warnings and 1 warnings.
Synthesis Optimization Runtime : Time (s): cpu = 00:00:15 ; elapsed = 00:00:24 . Memory (MB): peak = 1039.555 ; gain = 12.262
Synthesis Optimization Complete : Time (s): cpu = 00:00:23 ; elapsed = 00:00:26 . Memory (MB): peak = 1039.555 ; gain = 32.578
INFO: [Project 1-571] Translating synthesized netlist
Netlist sorting complete. Time (s): cpu = 00:00:00 ; elapsed = 00:00:00.002 . Memory (MB): peak = 1039.555 ; gain = 0.000
INFO: [Netlist 29-17] Analyzing 15 Unisim elements for replacement
INFO: [Netlist 29-28] Unisim Transformation completed in 0 CPU seconds
INFO: [Project 1-570] Preparing netlist for logic optimization
INFO: [Opt 31-138] Pushed 0 inverter(s) to 0 load pin(s).
Netlist sorting complete. Time (s): cpu = 00:00:00 ; elapsed = 00:00:00 . Memory (MB): peak = 1048.965 ; gain = 0.000
INFO: [Project 1-111] Unisim Transformation Summary:
  A total of 1 instances were transformed.
  LD => LDCE: 1 instance 

INFO: [Common 17-83] Releasing license: Synthesis
28 Infos, 5 Warnings, 0 Critical Warnings and 0 Errors encountered.
synth_design completed successfully
synth_design: Time (s): cpu = 00:00:29 ; elapsed = 00:00:35 . Memory (MB): peak = 1048.965 ; gain = 41.988
INFO: [Common 17-600] The following parameters have non-default value.
tcl.collectionResultDisplayLimit, general.maxThreads
INFO: [Common 17-1381] The checkpoint 'C:/Users/33651/TP5_CCD/TP5_CCD.runs/synth_1/FSM.dcp' has been generated.
INFO: [runtcl-4] Executing : report_utilization -file FSM_utilization_synth.rpt -pb FSM_utilization_synth.pb
INFO: [Common 17-206] Exiting Vivado at Wed Aug 26 22:45:02 2026...
