#-----------------------------------------------------------
# Vivado v2020.2 (64-bit)
# SW Build 3064766 on Wed Nov 18 09:12:45 MST 2020
# IP Build 3064653 on Wed Nov 18 14:17:31 MST 2020
# Start of session at: Tue Aug 25 15:04:16 2026
# Process ID: 29060
# Current directory: C:/Users/33651/Desktop/test_ajc/TP/TP4_Pilotage_de_LED_et_memoire
# Command line: vivado.exe -gui_launcher_event rodinguilauncherevent15640 C:\Users\33651\Desktop\test_ajc\TP\TP4_Pilotage_de_LED_et_memoire\TP4_Pilotage_de_LED_et_memoire.xpr
# Log file: C:/Users/33651/Desktop/test_ajc/TP/TP4_Pilotage_de_LED_et_memoire/vivado.log
# Journal file: C:/Users/33651/Desktop/test_ajc/TP/TP4_Pilotage_de_LED_et_memoire\vivado.jou
#-----------------------------------------------------------
start_gui
open_project C:/Users/33651/Desktop/test_ajc/TP/TP4_Pilotage_de_LED_et_memoire/TP4_Pilotage_de_LED_et_memoire.xpr
WARNING: [filemgmt 56-3] Default IP Output Path : Could not find the directory 'C:/Users/33651/Desktop/test_ajc/TP/TP4_Pilotage_de_LED_et_memoire/TP4_Pilotage_de_LED_et_memoire.gen/sources_1'.
Scanning sources...
Finished scanning sources
INFO: [IP_Flow 19-234] Refreshing IP repositories
INFO: [IP_Flow 19-1704] No user IP repositories specified
INFO: [IP_Flow 19-2313] Loaded Vivado IP repository 'F:/vivado_2020.2/Vivado/2020.2/data/ip'.
update_compile_order -fileset sources_1
exit
INFO: [Common 17-206] Exiting Vivado at Wed Aug 26 02:09:59 2026...
