#-----------------------------------------------------------
# Vivado v2020.2 (64-bit)
# SW Build 3064766 on Wed Nov 18 09:12:45 MST 2020
# IP Build 3064653 on Wed Nov 18 14:17:31 MST 2020
# Start of session at: Wed Aug 26 22:26:23 2026
# Process ID: 23568
# Current directory: C:/Users/33651/Desktop/test_ajc/TP/TP3_FSM
# Command line: vivado.exe -gui_launcher_event rodinguilauncherevent10836 C:\Users\33651\Desktop\test_ajc\TP\TP3_FSM\TP3_FSM.xpr
# Log file: C:/Users/33651/Desktop/test_ajc/TP/TP3_FSM/vivado.log
# Journal file: C:/Users/33651/Desktop/test_ajc/TP/TP3_FSM\vivado.jou
#-----------------------------------------------------------
start_gui
open_project C:/Users/33651/Desktop/test_ajc/TP/TP3_FSM/TP3_FSM.xpr
WARNING: [filemgmt 56-3] Default IP Output Path : Could not find the directory 'C:/Users/33651/Desktop/test_ajc/TP/TP3_FSM/TP3_FSM.gen/sources_1'.
Scanning sources...
Finished scanning sources
INFO: [IP_Flow 19-234] Refreshing IP repositories
INFO: [IP_Flow 19-1704] No user IP repositories specified
INFO: [IP_Flow 19-2313] Loaded Vivado IP repository 'F:/vivado_2020.2/Vivado/2020.2/data/ip'.
update_compile_order -fileset sources_1
reset_run synth_1
launch_runs impl_1 -to_step write_bitstream -jobs 8
[Wed Aug 26 22:27:09 2026] Launched synth_1...
Run output will be captured here: C:/Users/33651/Desktop/test_ajc/TP/TP3_FSM/TP3_FSM.runs/synth_1/runme.log
[Wed Aug 26 22:27:10 2026] Launched impl_1...
Run output will be captured here: C:/Users/33651/Desktop/test_ajc/TP/TP3_FSM/TP3_FSM.runs/impl_1/runme.log
set_param general.maxthreads 12
12
open_hw_manager
connect_hw_server -allow_non_jtag
INFO: [Labtools 27-2285] Connecting to hw_server url TCP:localhost:3121
INFO: [Labtools 27-3415] Connecting to cs_server url TCP:localhost:3042
INFO: [Labtools 27-3414] Connected to existing cs_server.
open_hw_target
INFO: [Labtoolstcl 44-466] Opening hw_target localhost:3121/xilinx_tcf/Digilent/210370AD525DA
open_hw_target: Time (s): cpu = 00:00:04 ; elapsed = 00:00:07 . Memory (MB): peak = 2383.594 ; gain = 1376.730
set_property PROGRAM.FILE {C:/Users/33651/Desktop/test_ajc/TP/TP3_FSM/TP3_FSM.runs/impl_1/tp_fsm.bit} [get_hw_devices xc7z010_1]
current_hw_device [get_hw_devices xc7z010_1]
refresh_hw_device -update_hw_probes false [lindex [get_hw_devices xc7z010_1] 0]
INFO: [Labtools 27-2302] Device xc7z010 (JTAG device index = 1) is programmed with a design that has 2 ILA core(s).
set_property PROBES.FILE {} [get_hw_devices xc7z010_1]
set_property FULL_PROBES.FILE {} [get_hw_devices xc7z010_1]
set_property PROGRAM.FILE {C:/Users/33651/Desktop/test_ajc/TP/TP3_FSM/TP3_FSM.runs/impl_1/tp_fsm.bit} [get_hw_devices xc7z010_1]
program_hw_devices [get_hw_devices xc7z010_1]
INFO: [Labtools 27-3164] End of startup status: HIGH
refresh_hw_device [lindex [get_hw_devices xc7z010_1] 0]
INFO: [Labtools 27-1434] Device xc7z010 (JTAG device index = 1) is programmed with a design that has no supported debug core(s) in it.
reset_run synth_1
WARNING: [Vivado 12-1017] Problems encountered:
1. Failed to delete one or more files in run directory C:/Users/33651/Desktop/test_ajc/TP/TP3_FSM/TP3_FSM.runs/synth_1

launch_runs impl_1 -to_step write_bitstream -jobs 8
[Wed Aug 26 22:31:07 2026] Launched synth_1...
Run output will be captured here: C:/Users/33651/Desktop/test_ajc/TP/TP3_FSM/TP3_FSM.runs/synth_1/runme.log
[Wed Aug 26 22:31:07 2026] Launched impl_1...
Run output will be captured here: C:/Users/33651/Desktop/test_ajc/TP/TP3_FSM/TP3_FSM.runs/impl_1/runme.log
set_property PROBES.FILE {} [get_hw_devices xc7z010_1]
set_property FULL_PROBES.FILE {} [get_hw_devices xc7z010_1]
set_property PROGRAM.FILE {C:/Users/33651/Desktop/test_ajc/TP/TP3_FSM/TP3_FSM.runs/impl_1/tp_fsm.bit} [get_hw_devices xc7z010_1]
program_hw_devices [get_hw_devices xc7z010_1]
INFO: [Labtools 27-3164] End of startup status: HIGH
refresh_hw_device [lindex [get_hw_devices xc7z010_1] 0]
INFO: [Labtools 27-1434] Device xc7z010 (JTAG device index = 1) is programmed with a design that has no supported debug core(s) in it.
exit
INFO: [Common 17-206] Exiting Vivado at Wed Aug 26 22:33:48 2026...
