INFO: [VRFC 10-2263] Analyzing Verilog file "C:/Users/33651/Desktop/test_ajc/TP/TP4_pilotage_de_LED_et_memoire_partie_2/TP4_pilotage_de_LED_et_memoire_partie_2.sim/sim_1/impl/func/xsim/testbench_func_impl.v" into library xil_defaultlib
INFO: [VRFC 10-311] analyzing module Counter_Unit
INFO: [VRFC 10-311] analyzing module FSM
INFO: [VRFC 10-311] analyzing module fifo_generator_0
INFO: [VRFC 10-311] analyzing module fifo_generator_0_blk_mem_gen_generic_cstr
INFO: [VRFC 10-311] analyzing module fifo_generator_0_blk_mem_gen_prim_width
INFO: [VRFC 10-311] analyzing module fifo_generator_0_blk_mem_gen_prim_wrapper
INFO: [VRFC 10-311] analyzing module fifo_generator_0_blk_mem_gen_top
INFO: [VRFC 10-311] analyzing module fifo_generator_0_blk_mem_gen_v8_4_4
INFO: [VRFC 10-311] analyzing module fifo_generator_0_blk_mem_gen_v8_4_4_synth
INFO: [VRFC 10-311] analyzing module fifo_generator_0_fifo_generator_ramfifo
INFO: [VRFC 10-311] analyzing module fifo_generator_0_fifo_generator_top
INFO: [VRFC 10-311] analyzing module fifo_generator_0_fifo_generator_v13_2_5
INFO: [VRFC 10-311] analyzing module fifo_generator_0_fifo_generator_v13_2_5_synth
INFO: [VRFC 10-311] analyzing module fifo_generator_0_memory
INFO: [VRFC 10-311] analyzing module fifo_generator_0_rd_bin_cntr
INFO: [VRFC 10-311] analyzing module fifo_generator_0_rd_logic
INFO: [VRFC 10-311] analyzing module fifo_generator_0_rd_status_flags_ss
INFO: [VRFC 10-311] analyzing module fifo_generator_0_wr_bin_cntr
INFO: [VRFC 10-311] analyzing module fifo_generator_0_wr_logic
INFO: [VRFC 10-311] analyzing module fifo_generator_0_wr_status_flags_ss
INFO: [VRFC 10-311] analyzing module glbl
INFO: [VRFC 10-163] Analyzing VHDL file "C:/Users/33651/Desktop/test_ajc/TP/TP4_pilotage_de_LED_et_memoire_partie_2/TP4_pilotage_de_LED_et_memoire_partie_2.srcs/sim_1/new/testbench.vhd" into library xil_defaultlib
INFO: [VRFC 10-3107] analyzing entity 'testbench'
