Vivado Simulator 2020.2
Copyright 1986-1999, 2001-2020 Xilinx, Inc. All Rights Reserved.
Running: F:/vivado_2020.2/Vivado/2020.2/bin/unwrapped/win64.o/xelab.exe -wto 45a01ef0f504474eb9cb19fcd129bad1 --incr --debug typical --relax --mt 2 -L xil_defaultlib -L unisims_ver -L secureip --snapshot testbench_func_impl xil_defaultlib.testbench xil_defaultlib.glbl -log elaborate.log 
Using 2 slave threads.
Starting static elaboration
Pass Through NonSizing Optimizer
Completed static elaboration
Starting simulation data flow analysis
Completed simulation data flow analysis
Time Resolution for simulation is 1ps
Compiling package std.standard
Compiling package std.textio
Compiling package ieee.std_logic_1164
Compiling package vl.vl_types
Compiling module xil_defaultlib.glbl
Compiling module unisims_ver.IBUF
Compiling module unisims_ver.BUFG
Compiling module unisims_ver.FDRE_default
Compiling module unisims_ver.x_lut3_mux8
Compiling module unisims_ver.LUT3
Compiling module unisims_ver.x_lut2_mux4
Compiling module unisims_ver.LUT2
Compiling module unisims_ver.FDSE_default
Compiling module unisims_ver.x_lut1_mux2
Compiling module unisims_ver.LUT1
Compiling module unisims_ver.LUT4
Compiling module unisims_ver.LUT6
Compiling module unisims_ver.LUT5
Compiling module unisims_ver.RB18_INTERNAL_VLOG(RAM_MODE="SDP...
Compiling module unisims_ver.RAMB18E1(RAM_MODE="SDP",READ_WID...
Compiling module xil_defaultlib.fifo_generator_0
Compiling module unisims_ver.OBUF
Compiling module unisims_ver.latchsre_ldce
Compiling module unisims_ver.LDCE
Compiling module unisims_ver.OBUFT
Compiling module unisims_ver.CARRY4
Compiling module xil_defaultlib.Counter_Unit
Compiling module xil_defaultlib.FSM
Compiling architecture behavioral of entity xil_defaultlib.testbench
Built simulation snapshot testbench_func_impl
