Copyright 1986-2022 Xilinx, Inc. All Rights Reserved. Copyright 2022-2023 Advanced Micro Devices, Inc. All Rights Reserved.
---------------------------------------------------------------------------------------------------------------------------------------------
| Tool Version : Vivado v.2023.2 (win64) Build 4029153 Fri Oct 13 20:14:34 MDT 2023
| Date         : Wed Sep 30 23:35:54 2026
| Host         : LAPTOP-9066CLLC running 64-bit major release  (build 9200)
| Command      : upgrade_ip
| Device       : xc7z010clg400-1
---------------------------------------------------------------------------------------------------------------------------------------------

Upgrade Log for IP 'design_1_axis_overlay_0_0'

1. Summary
----------

CAUTION (success, with warnings) in the upgrade of design_1_axis_overlay_0_0 from xilinx.com:user:axis_overlay:2.0 (Rev. 1) to xilinx.com:user:axis_overlay:3.0 (Rev. 1)

After upgrade, an IP may have parameter and port differences compared to the original customization. Please review the parameters within the IP customization GUI to ensure proper functionality. Also, please review the updated IP instantiation template to ensure proper connectivity, and update your design if required.

2. Connection Warnings
----------------------

Detected external port differences while upgrading 'design_1_axis_overlay_0_0'. These changes may impact your design.


-Upgrade has added port 'btn'







Copyright 1986-2022 Xilinx, Inc. All Rights Reserved. Copyright 2022-2023 Advanced Micro Devices, Inc. All Rights Reserved.
---------------------------------------------------------------------------------------------------------------------------------------------
| Tool Version : Vivado v.2023.2 (win64) Build 4029153 Fri Oct 13 20:14:34 MDT 2023
| Date         : Wed Sep 30 16:20:33 2026
| Host         : LAPTOP-9066CLLC running 64-bit major release  (build 9200)
| Command      : upgrade_ip
| Device       : xc7z010clg400-1
---------------------------------------------------------------------------------------------------------------------------------------------

Upgrade Log for IP 'design_1_axis_harris_0_0'

1. Summary
----------

SUCCESS in the upgrade of design_1_axis_harris_0_0 from xilinx.com:user:axis_harris:3.0 (Rev. 1) to xilinx.com:user:axis_harris:4.0 (Rev. 1)






Copyright 1986-2022 Xilinx, Inc. All Rights Reserved. Copyright 2022-2023 Advanced Micro Devices, Inc. All Rights Reserved.
---------------------------------------------------------------------------------------------------------------------------------------------
| Tool Version : Vivado v.2023.2 (win64) Build 4029153 Fri Oct 13 20:14:34 MDT 2023
| Date         : Wed Sep 30 15:54:15 2026
| Host         : LAPTOP-9066CLLC running 64-bit major release  (build 9200)
| Command      : upgrade_ip
| Device       : xc7z010clg400-1
---------------------------------------------------------------------------------------------------------------------------------------------

Upgrade Log for IP 'design_1_axis_harris_0_0'

1. Summary
----------

SUCCESS in the upgrade of design_1_axis_harris_0_0 from xilinx.com:user:axis_harris:2.0 (Rev. 1) to xilinx.com:user:axis_harris:3.0 (Rev. 1)






Copyright 1986-2022 Xilinx, Inc. All Rights Reserved. Copyright 2022-2023 Advanced Micro Devices, Inc. All Rights Reserved.
---------------------------------------------------------------------------------------------------------------------------------------------
| Tool Version : Vivado v.2023.2 (win64) Build 4029153 Fri Oct 13 20:14:34 MDT 2023
| Date         : Wed Sep 30 14:12:37 2026
| Host         : LAPTOP-9066CLLC running 64-bit major release  (build 9200)
| Command      : upgrade_ip
| Device       : xc7z010clg400-1
---------------------------------------------------------------------------------------------------------------------------------------------

Upgrade Log for IP 'design_1_axis_harris_0_0'

1. Summary
----------

SUCCESS in the upgrade of design_1_axis_harris_0_0 from xilinx.com:user:axis_harris:1.0 (Rev. 1) to xilinx.com:user:axis_harris:2.0 (Rev. 1)

