
*** Running vivado
    with args -log FSM.vds -m64 -product Vivado -mode batch -messageDb vivado.pb -notrace -source FSM.tcl



****** Vivado v2020.2 (64-bit)
  **** SW Build 3064766 on Wed Nov 18 09:12:45 MST 2020
  **** IP Build 3064653 on Wed Nov 18 14:17:31 MST 2020
    ** Copyright 1986-2020 Xilinx, Inc. All Rights Reserved.

source FSM.tcl -notrace
Command: synth_design -top FSM -part xc7z010clg400-1
Starting synth_design
Attempting to get a license for feature 'Synthesis' and/or device 'xc7z010'
INFO: [Common 17-349] Got license for feature 'Synthesis' and/or device 'xc7z010'
INFO: [Device 21-403] Loading part xc7z010clg400-1
INFO: [Synth 8-7079] Multithreading enabled for synth_design using a maximum of 2 processes.
INFO: [Synth 8-7078] Launching helper process for spawning children vivado processes
INFO: [Synth 8-7075] Helper process launched with PID 10112
---------------------------------------------------------------------------------
Starting RTL Elaboration : Time (s): cpu = 00:00:04 ; elapsed = 00:00:04 . Memory (MB): peak = 1008.750 ; gain = 0.000
---------------------------------------------------------------------------------
INFO: [Synth 8-638] synthesizing module 'FSM' [C:/Users/33651/Desktop/projet_ajc/TP4_pilotage_de_LED_et_memoire_partie_2 - Copie/TP4_pilotage_de_LED_et_memoire_partie_2.srcs/sources_1/new/FSM.vhd:20]
	Parameter max bound to: 28'b1011111010111100001000000000 
INFO: [Synth 8-3491] module 'Counter_Unit' declared at 'C:/Users/33651/Desktop/projet_ajc/TP4_pilotage_de_LED_et_memoire_partie_2 - Copie/TP4_pilotage_de_LED_et_memoire_partie_2.srcs/sources_1/new/Counter_Unit.vhd:7' bound to instance 'uut' of component 'Counter_Unit' [C:/Users/33651/Desktop/projet_ajc/TP4_pilotage_de_LED_et_memoire_partie_2 - Copie/TP4_pilotage_de_LED_et_memoire_partie_2.srcs/sources_1/new/FSM.vhd:58]
INFO: [Synth 8-638] synthesizing module 'Counter_Unit' [C:/Users/33651/Desktop/projet_ajc/TP4_pilotage_de_LED_et_memoire_partie_2 - Copie/TP4_pilotage_de_LED_et_memoire_partie_2.srcs/sources_1/new/Counter_Unit.vhd:18]
	Parameter max bound to: 28'b1011111010111100001000000000 
INFO: [Synth 8-256] done synthesizing module 'Counter_Unit' (1#1) [C:/Users/33651/Desktop/projet_ajc/TP4_pilotage_de_LED_et_memoire_partie_2 - Copie/TP4_pilotage_de_LED_et_memoire_partie_2.srcs/sources_1/new/Counter_Unit.vhd:18]
INFO: [Synth 8-3491] module 'fifo_generator_0' declared at 'C:/Users/33651/Desktop/projet_ajc/TP4_pilotage_de_LED_et_memoire_partie_2 - Copie/TP4_pilotage_de_LED_et_memoire_partie_2.runs/synth_1/.Xil/Vivado-28552-LAPTOP-9066CLLC/realtime/fifo_generator_0_stub.v:6' bound to instance 'fifo' of component 'fifo_generator_0' [C:/Users/33651/Desktop/projet_ajc/TP4_pilotage_de_LED_et_memoire_partie_2 - Copie/TP4_pilotage_de_LED_et_memoire_partie_2.srcs/sources_1/new/FSM.vhd:64]
INFO: [Synth 8-6157] synthesizing module 'fifo_generator_0' [C:/Users/33651/Desktop/projet_ajc/TP4_pilotage_de_LED_et_memoire_partie_2 - Copie/TP4_pilotage_de_LED_et_memoire_partie_2.runs/synth_1/.Xil/Vivado-28552-LAPTOP-9066CLLC/realtime/fifo_generator_0_stub.v:6]
INFO: [Synth 8-6155] done synthesizing module 'fifo_generator_0' (2#1) [C:/Users/33651/Desktop/projet_ajc/TP4_pilotage_de_LED_et_memoire_partie_2 - Copie/TP4_pilotage_de_LED_et_memoire_partie_2.runs/synth_1/.Xil/Vivado-28552-LAPTOP-9066CLLC/realtime/fifo_generator_0_stub.v:6]
WARNING: [Synth 8-614] signal 'end_counter' is read in the process but is not in the sensitivity list [C:/Users/33651/Desktop/projet_ajc/TP4_pilotage_de_LED_et_memoire_partie_2 - Copie/TP4_pilotage_de_LED_et_memoire_partie_2.srcs/sources_1/new/FSM.vhd:95]
WARNING: [Synth 8-614] signal 'Din' is read in the process but is not in the sensitivity list [C:/Users/33651/Desktop/projet_ajc/TP4_pilotage_de_LED_et_memoire_partie_2 - Copie/TP4_pilotage_de_LED_et_memoire_partie_2.srcs/sources_1/new/FSM.vhd:95]
WARNING: [Synth 8-614] signal 'update' is read in the process but is not in the sensitivity list [C:/Users/33651/Desktop/projet_ajc/TP4_pilotage_de_LED_et_memoire_partie_2 - Copie/TP4_pilotage_de_LED_et_memoire_partie_2.srcs/sources_1/new/FSM.vhd:95]
INFO: [Synth 8-256] done synthesizing module 'FSM' (3#1) [C:/Users/33651/Desktop/projet_ajc/TP4_pilotage_de_LED_et_memoire_partie_2 - Copie/TP4_pilotage_de_LED_et_memoire_partie_2.srcs/sources_1/new/FSM.vhd:20]
---------------------------------------------------------------------------------
Finished RTL Elaboration : Time (s): cpu = 00:00:05 ; elapsed = 00:00:05 . Memory (MB): peak = 1008.750 ; gain = 0.000
---------------------------------------------------------------------------------
---------------------------------------------------------------------------------
Start Handling Custom Attributes
---------------------------------------------------------------------------------
---------------------------------------------------------------------------------
Finished Handling Custom Attributes : Time (s): cpu = 00:00:05 ; elapsed = 00:00:06 . Memory (MB): peak = 1008.750 ; gain = 0.000
---------------------------------------------------------------------------------
---------------------------------------------------------------------------------
Finished RTL Optimization Phase 1 : Time (s): cpu = 00:00:05 ; elapsed = 00:00:06 . Memory (MB): peak = 1008.750 ; gain = 0.000
---------------------------------------------------------------------------------
Netlist sorting complete. Time (s): cpu = 00:00:00 ; elapsed = 00:00:00 . Memory (MB): peak = 1008.750 ; gain = 0.000
INFO: [Project 1-570] Preparing netlist for logic optimization

Processing XDC Constraints
Initializing timing engine
Parsing XDC File [c:/Users/33651/Desktop/projet_ajc/TP4_pilotage_de_LED_et_memoire_partie_2 - Copie/TP4_pilotage_de_LED_et_memoire_partie_2.gen/sources_1/ip/fifo_generator_0/fifo_generator_0/fifo_generator_0_in_context.xdc] for cell 'fifo'
Finished Parsing XDC File [c:/Users/33651/Desktop/projet_ajc/TP4_pilotage_de_LED_et_memoire_partie_2 - Copie/TP4_pilotage_de_LED_et_memoire_partie_2.gen/sources_1/ip/fifo_generator_0/fifo_generator_0/fifo_generator_0_in_context.xdc] for cell 'fifo'
Parsing XDC File [C:/Users/33651/Desktop/projet_ajc/TP4_pilotage_de_LED_et_memoire_partie_2 - Copie/TP4_pilotage_de_LED_et_memoire_partie_2.srcs/constrs_1/new/pin.xdc]
Finished Parsing XDC File [C:/Users/33651/Desktop/projet_ajc/TP4_pilotage_de_LED_et_memoire_partie_2 - Copie/TP4_pilotage_de_LED_et_memoire_partie_2.srcs/constrs_1/new/pin.xdc]
INFO: [Project 1-236] Implementation specific constraints were found while reading constraint file [C:/Users/33651/Desktop/projet_ajc/TP4_pilotage_de_LED_et_memoire_partie_2 - Copie/TP4_pilotage_de_LED_et_memoire_partie_2.srcs/constrs_1/new/pin.xdc]. These constraints will be ignored for synthesis but will be used in implementation. Impacted constraints are listed in the file [.Xil/FSM_propImpl.xdc].
Resolution: To avoid this warning, move constraints listed in [.Xil/FSM_propImpl.xdc] to another XDC file and exclude this new file from synthesis with the used_in_synthesis property (File Properties dialog in GUI) and re-run elaboration/synthesis.
Completed Processing XDC Constraints

Netlist sorting complete. Time (s): cpu = 00:00:00 ; elapsed = 00:00:00 . Memory (MB): peak = 1008.750 ; gain = 0.000
INFO: [Project 1-111] Unisim Transformation Summary:
No Unisim elements were transformed.

Constraint Validation Runtime : Time (s): cpu = 00:00:00 ; elapsed = 00:00:00.003 . Memory (MB): peak = 1008.750 ; gain = 0.000
---------------------------------------------------------------------------------
Finished Constraint Validation : Time (s): cpu = 00:00:11 ; elapsed = 00:00:12 . Memory (MB): peak = 1008.750 ; gain = 0.000
---------------------------------------------------------------------------------
---------------------------------------------------------------------------------
Start Loading Part and Timing Information
---------------------------------------------------------------------------------
Loading part: xc7z010clg400-1
---------------------------------------------------------------------------------
Finished Loading Part and Timing Information : Time (s): cpu = 00:00:11 ; elapsed = 00:00:12 . Memory (MB): peak = 1008.750 ; gain = 0.000
---------------------------------------------------------------------------------
---------------------------------------------------------------------------------
Start Applying 'set_property' XDC Constraints
---------------------------------------------------------------------------------
Applied set_property KEEP_HIERARCHY = SOFT for fifo. (constraint file  auto generated constraint).
---------------------------------------------------------------------------------
Finished applying 'set_property' XDC Constraints : Time (s): cpu = 00:00:11 ; elapsed = 00:00:12 . Memory (MB): peak = 1008.750 ; gain = 0.000
---------------------------------------------------------------------------------
INFO: [Synth 8-802] inferred FSM for state register 'current_color_reg' in module 'FSM'
WARNING: [Synth 8-327] inferring latch for variable 'led_g_reg' [C:/Users/33651/Desktop/projet_ajc/TP4_pilotage_de_LED_et_memoire_partie_2 - Copie/TP4_pilotage_de_LED_et_memoire_partie_2.srcs/sources_1/new/FSM.vhd:101]
---------------------------------------------------------------------------------------------------
                   State |                     New Encoding |                Previous Encoding 
---------------------------------------------------------------------------------------------------
*
                   green |                               01 |                               01
                    blue |                               10 |                               10
---------------------------------------------------------------------------------------------------
INFO: [Synth 8-3898] No Re-encoding of one hot register 'current_color_reg' in module 'FSM'
WARNING: [Synth 8-327] inferring latch for variable 'led_b_reg' [C:/Users/33651/Desktop/projet_ajc/TP4_pilotage_de_LED_et_memoire_partie_2 - Copie/TP4_pilotage_de_LED_et_memoire_partie_2.srcs/sources_1/new/FSM.vhd:102]
---------------------------------------------------------------------------------
Finished RTL Optimization Phase 2 : Time (s): cpu = 00:00:11 ; elapsed = 00:00:12 . Memory (MB): peak = 1008.750 ; gain = 0.000
---------------------------------------------------------------------------------
---------------------------------------------------------------------------------
Start RTL Component Statistics 
---------------------------------------------------------------------------------
Detailed RTL Component Info : 
+---Registers : 
	                1 Bit    Registers := 4     
+---Muxes : 
	   3 Input    2 Bit        Muxes := 1     
	   2 Input    1 Bit        Muxes := 1     
	   3 Input    1 Bit        Muxes := 4     
---------------------------------------------------------------------------------
Finished RTL Component Statistics 
---------------------------------------------------------------------------------
---------------------------------------------------------------------------------
Start Part Resource Summary
---------------------------------------------------------------------------------
Part Resources:
DSPs: 80 (col length:40)
BRAMs: 120 (col length: RAMB18 40 RAMB36 20)
---------------------------------------------------------------------------------
Finished Part Resource Summary
---------------------------------------------------------------------------------
---------------------------------------------------------------------------------
Start Cross Boundary and Area Optimization
---------------------------------------------------------------------------------
---------------------------------------------------------------------------------
Finished Cross Boundary and Area Optimization : Time (s): cpu = 00:00:13 ; elapsed = 00:00:14 . Memory (MB): peak = 1008.750 ; gain = 0.000
---------------------------------------------------------------------------------
---------------------------------------------------------------------------------
Start Applying XDC Timing Constraints
---------------------------------------------------------------------------------
---------------------------------------------------------------------------------
Finished Applying XDC Timing Constraints : Time (s): cpu = 00:00:18 ; elapsed = 00:00:20 . Memory (MB): peak = 1010.172 ; gain = 1.422
---------------------------------------------------------------------------------
---------------------------------------------------------------------------------
Start Timing Optimization
---------------------------------------------------------------------------------
---------------------------------------------------------------------------------
Finished Timing Optimization : Time (s): cpu = 00:00:18 ; elapsed = 00:00:20 . Memory (MB): peak = 1029.859 ; gain = 21.109
---------------------------------------------------------------------------------
---------------------------------------------------------------------------------
Start Technology Mapping
---------------------------------------------------------------------------------
---------------------------------------------------------------------------------
Finished Technology Mapping : Time (s): cpu = 00:00:19 ; elapsed = 00:00:20 . Memory (MB): peak = 1030.594 ; gain = 21.844
---------------------------------------------------------------------------------
---------------------------------------------------------------------------------
Start IO Insertion
---------------------------------------------------------------------------------
---------------------------------------------------------------------------------
Start Flattening Before IO Insertion
---------------------------------------------------------------------------------
---------------------------------------------------------------------------------
Finished Flattening Before IO Insertion
---------------------------------------------------------------------------------
---------------------------------------------------------------------------------
Start Final Netlist Cleanup
---------------------------------------------------------------------------------
---------------------------------------------------------------------------------
Finished Final Netlist Cleanup
---------------------------------------------------------------------------------
---------------------------------------------------------------------------------
Finished IO Insertion : Time (s): cpu = 00:00:21 ; elapsed = 00:00:23 . Memory (MB): peak = 1037.395 ; gain = 28.645
---------------------------------------------------------------------------------
---------------------------------------------------------------------------------
Start Renaming Generated Instances
---------------------------------------------------------------------------------
---------------------------------------------------------------------------------
Finished Renaming Generated Instances : Time (s): cpu = 00:00:21 ; elapsed = 00:00:23 . Memory (MB): peak = 1037.395 ; gain = 28.645
---------------------------------------------------------------------------------
---------------------------------------------------------------------------------
Start Rebuilding User Hierarchy
---------------------------------------------------------------------------------
---------------------------------------------------------------------------------
Finished Rebuilding User Hierarchy : Time (s): cpu = 00:00:21 ; elapsed = 00:00:23 . Memory (MB): peak = 1037.395 ; gain = 28.645
---------------------------------------------------------------------------------
---------------------------------------------------------------------------------
Start Renaming Generated Ports
---------------------------------------------------------------------------------
---------------------------------------------------------------------------------
Finished Renaming Generated Ports : Time (s): cpu = 00:00:21 ; elapsed = 00:00:23 . Memory (MB): peak = 1037.395 ; gain = 28.645
---------------------------------------------------------------------------------
---------------------------------------------------------------------------------
Start Handling Custom Attributes
---------------------------------------------------------------------------------
---------------------------------------------------------------------------------
Finished Handling Custom Attributes : Time (s): cpu = 00:00:21 ; elapsed = 00:00:23 . Memory (MB): peak = 1037.395 ; gain = 28.645
---------------------------------------------------------------------------------
---------------------------------------------------------------------------------
Start Renaming Generated Nets
---------------------------------------------------------------------------------
---------------------------------------------------------------------------------
Finished Renaming Generated Nets : Time (s): cpu = 00:00:21 ; elapsed = 00:00:23 . Memory (MB): peak = 1037.395 ; gain = 28.645
---------------------------------------------------------------------------------
---------------------------------------------------------------------------------
Start Writing Synthesis Report
---------------------------------------------------------------------------------

Report BlackBoxes: 
+------+-----------------+----------+
|      |BlackBox name    |Instances |
+------+-----------------+----------+
|1     |fifo_generator_0 |         1|
+------+-----------------+----------+

Report Cell Usage: 
+------+---------------+------+
|      |Cell           |Count |
+------+---------------+------+
|1     |fifo_generator |     1|
|2     |BUFG           |     1|
|3     |CARRY4         |     7|
|4     |LUT1           |     1|
|5     |LUT2           |     7|
|6     |LUT3           |     1|
|7     |LUT4           |     5|
|8     |LUT5           |     5|
|9     |LUT6           |     6|
|10    |FDRE           |    33|
|11    |FDSE           |     1|
|12    |LD             |     2|
|13    |IBUF           |     3|
|14    |OBUF           |     4|
|15    |OBUFT          |     1|
+------+---------------+------+
---------------------------------------------------------------------------------
Finished Writing Synthesis Report : Time (s): cpu = 00:00:21 ; elapsed = 00:00:23 . Memory (MB): peak = 1037.395 ; gain = 28.645
---------------------------------------------------------------------------------
Synthesis finished with 0 errors, 0 critical warnings and 2 warnings.
Synthesis Optimization Runtime : Time (s): cpu = 00:00:15 ; elapsed = 00:00:21 . Memory (MB): peak = 1037.395 ; gain = 28.645
Synthesis Optimization Complete : Time (s): cpu = 00:00:22 ; elapsed = 00:00:23 . Memory (MB): peak = 1037.395 ; gain = 28.645
INFO: [Project 1-571] Translating synthesized netlist
Netlist sorting complete. Time (s): cpu = 00:00:00 ; elapsed = 00:00:00 . Memory (MB): peak = 1048.430 ; gain = 0.000
INFO: [Netlist 29-17] Analyzing 9 Unisim elements for replacement
INFO: [Netlist 29-28] Unisim Transformation completed in 0 CPU seconds
INFO: [Project 1-570] Preparing netlist for logic optimization
INFO: [Opt 31-138] Pushed 0 inverter(s) to 0 load pin(s).
Netlist sorting complete. Time (s): cpu = 00:00:00 ; elapsed = 00:00:00 . Memory (MB): peak = 1051.805 ; gain = 0.000
INFO: [Project 1-111] Unisim Transformation Summary:
  A total of 2 instances were transformed.
  LD => LDCE: 2 instances

INFO: [Common 17-83] Releasing license: Synthesis
25 Infos, 5 Warnings, 0 Critical Warnings and 0 Errors encountered.
synth_design completed successfully
synth_design: Time (s): cpu = 00:00:27 ; elapsed = 00:00:30 . Memory (MB): peak = 1051.805 ; gain = 43.055
INFO: [Common 17-1381] The checkpoint 'C:/Users/33651/Desktop/projet_ajc/TP4_pilotage_de_LED_et_memoire_partie_2 - Copie/TP4_pilotage_de_LED_et_memoire_partie_2.runs/synth_1/FSM.dcp' has been generated.
INFO: [runtcl-4] Executing : report_utilization -file FSM_utilization_synth.rpt -pb FSM_utilization_synth.pb
INFO: [Common 17-206] Exiting Vivado at Fri Aug 14 15:06:13 2026...
