#-----------------------------------------------------------
# Vivado v2020.2 (64-bit)
# SW Build 3064766 on Wed Nov 18 09:12:45 MST 2020
# IP Build 3064653 on Wed Nov 18 14:17:31 MST 2020
# Start of session at: Tue Jul 21 09:36:28 2026
# Process ID: 7796
# Current directory: C:/Users/33651/Desktop/projet_ajc/TP4_pilotage_de_LED_et_memoire_partie_2 - Copie
# Command line: vivado.exe -gui_launcher_event rodinguilauncherevent4900 C:\Users\33651\Desktop\projet_ajc\TP4_pilotage_de_LED_et_memoire_partie_2 - Copie\TP4_pilotage_de_LED_et_memoire_partie_2.xpr
# Log file: C:/Users/33651/Desktop/projet_ajc/TP4_pilotage_de_LED_et_memoire_partie_2 - Copie/vivado.log
# Journal file: C:/Users/33651/Desktop/projet_ajc/TP4_pilotage_de_LED_et_memoire_partie_2 - Copie\vivado.jou
#-----------------------------------------------------------
start_gui
open_project {C:/Users/33651/Desktop/projet_ajc/TP4_pilotage_de_LED_et_memoire_partie_2 - Copie/TP4_pilotage_de_LED_et_memoire_partie_2.xpr}
INFO: [ProjectBase 1-489] The host OS only allows 260 characters in a normal path. The project is stored in a path with more than 80 characters. If you experience issues with IP, Block Designs, or files not being found, please consider moving the project to a location with a shorter path. Alternately consider using the OS subst command to map part of the path to a drive letter.
Current project path is 'C:/Users/33651/Desktop/projet_ajc/TP4_pilotage_de_LED_et_memoire_partie_2 - Copie'
Scanning sources...
Finished scanning sources
INFO: [IP_Flow 19-234] Refreshing IP repositories
INFO: [IP_Flow 19-1704] No user IP repositories specified
INFO: [IP_Flow 19-2313] Loaded Vivado IP repository 'F:/vivado_2020.2/Vivado/2020.2/data/ip'.
open_project: Time (s): cpu = 00:00:10 ; elapsed = 00:00:07 . Memory (MB): peak = 1000.281 ; gain = 0.000
update_compile_order -fileset sources_1
synth_design -rtl -rtl_skip_mlo -name rtl_1
Command: synth_design -rtl -rtl_skip_mlo -name rtl_1
Starting synth_design
Using part: xc7z010clg400-1
Top: FSM
INFO: [Device 21-403] Loading part xc7z010clg400-1
---------------------------------------------------------------------------------
Starting RTL Elaboration : Time (s): cpu = 00:00:04 ; elapsed = 00:00:04 . Memory (MB): peak = 1370.141 ; gain = 250.160
---------------------------------------------------------------------------------
INFO: [Synth 8-638] synthesizing module 'FSM' [C:/Users/33651/Desktop/projet_ajc/TP4_pilotage_de_LED_et_memoire_partie_2 - Copie/TP4_pilotage_de_LED_et_memoire_partie_2.srcs/sources_1/new/FSM.vhd:20]
	Parameter max bound to: 28'b0000000001111010000100100000 
INFO: [Synth 8-3491] module 'Counter_Unit' declared at 'C:/Users/33651/Desktop/projet_ajc/TP4_pilotage_de_LED_et_memoire_partie_2 - Copie/TP4_pilotage_de_LED_et_memoire_partie_2.srcs/sources_1/new/Counter_Unit.vhd:7' bound to instance 'uut' of component 'Counter_Unit' [C:/Users/33651/Desktop/projet_ajc/TP4_pilotage_de_LED_et_memoire_partie_2 - Copie/TP4_pilotage_de_LED_et_memoire_partie_2.srcs/sources_1/new/FSM.vhd:58]
INFO: [Synth 8-638] synthesizing module 'Counter_Unit' [C:/Users/33651/Desktop/projet_ajc/TP4_pilotage_de_LED_et_memoire_partie_2 - Copie/TP4_pilotage_de_LED_et_memoire_partie_2.srcs/sources_1/new/Counter_Unit.vhd:18]
	Parameter max bound to: 28'b0000000001111010000100100000 
INFO: [Synth 8-256] done synthesizing module 'Counter_Unit' (1#1) [C:/Users/33651/Desktop/projet_ajc/TP4_pilotage_de_LED_et_memoire_partie_2 - Copie/TP4_pilotage_de_LED_et_memoire_partie_2.srcs/sources_1/new/Counter_Unit.vhd:18]
INFO: [Synth 8-3491] module 'fifo_generator_0' declared at 'C:/Users/33651/Desktop/projet_ajc/TP4_pilotage_de_LED_et_memoire_partie_2 - Copie/.Xil/Vivado-7796-LAPTOP-9066CLLC/realtime/fifo_generator_0_stub.v:6' bound to instance 'fifo' of component 'fifo_generator_0' [C:/Users/33651/Desktop/projet_ajc/TP4_pilotage_de_LED_et_memoire_partie_2 - Copie/TP4_pilotage_de_LED_et_memoire_partie_2.srcs/sources_1/new/FSM.vhd:64]
INFO: [Synth 8-6157] synthesizing module 'fifo_generator_0' [C:/Users/33651/Desktop/projet_ajc/TP4_pilotage_de_LED_et_memoire_partie_2 - Copie/.Xil/Vivado-7796-LAPTOP-9066CLLC/realtime/fifo_generator_0_stub.v:6]
INFO: [Synth 8-6155] done synthesizing module 'fifo_generator_0' (2#1) [C:/Users/33651/Desktop/projet_ajc/TP4_pilotage_de_LED_et_memoire_partie_2 - Copie/.Xil/Vivado-7796-LAPTOP-9066CLLC/realtime/fifo_generator_0_stub.v:6]
WARNING: [Synth 8-614] signal 'end_counter' is read in the process but is not in the sensitivity list [C:/Users/33651/Desktop/projet_ajc/TP4_pilotage_de_LED_et_memoire_partie_2 - Copie/TP4_pilotage_de_LED_et_memoire_partie_2.srcs/sources_1/new/FSM.vhd:95]
WARNING: [Synth 8-614] signal 'Din' is read in the process but is not in the sensitivity list [C:/Users/33651/Desktop/projet_ajc/TP4_pilotage_de_LED_et_memoire_partie_2 - Copie/TP4_pilotage_de_LED_et_memoire_partie_2.srcs/sources_1/new/FSM.vhd:95]
WARNING: [Synth 8-614] signal 'update' is read in the process but is not in the sensitivity list [C:/Users/33651/Desktop/projet_ajc/TP4_pilotage_de_LED_et_memoire_partie_2 - Copie/TP4_pilotage_de_LED_et_memoire_partie_2.srcs/sources_1/new/FSM.vhd:95]
INFO: [Synth 8-256] done synthesizing module 'FSM' (3#1) [C:/Users/33651/Desktop/projet_ajc/TP4_pilotage_de_LED_et_memoire_partie_2 - Copie/TP4_pilotage_de_LED_et_memoire_partie_2.srcs/sources_1/new/FSM.vhd:20]
---------------------------------------------------------------------------------
Finished RTL Elaboration : Time (s): cpu = 00:00:04 ; elapsed = 00:00:05 . Memory (MB): peak = 1426.820 ; gain = 306.840
---------------------------------------------------------------------------------
---------------------------------------------------------------------------------
Start Handling Custom Attributes
---------------------------------------------------------------------------------
---------------------------------------------------------------------------------
Finished Handling Custom Attributes : Time (s): cpu = 00:00:05 ; elapsed = 00:00:05 . Memory (MB): peak = 1448.668 ; gain = 328.688
---------------------------------------------------------------------------------
---------------------------------------------------------------------------------
Finished RTL Optimization Phase 1 : Time (s): cpu = 00:00:05 ; elapsed = 00:00:05 . Memory (MB): peak = 1448.668 ; gain = 328.688
---------------------------------------------------------------------------------
INFO: [Project 1-454] Reading design checkpoint 'c:/Users/33651/Desktop/projet_ajc/TP4_pilotage_de_LED_et_memoire_partie_2 - Copie/TP4_pilotage_de_LED_et_memoire_partie_2.gen/sources_1/ip/fifo_generator_0/fifo_generator_0.dcp' for cell 'fifo'
Netlist sorting complete. Time (s): cpu = 00:00:00 ; elapsed = 00:00:00.003 . Memory (MB): peak = 1482.137 ; gain = 0.000
INFO: [Netlist 29-17] Analyzing 1 Unisim elements for replacement
INFO: [Netlist 29-28] Unisim Transformation completed in 0 CPU seconds
INFO: [Project 1-479] Netlist was created with Vivado 2020.2
INFO: [Project 1-570] Preparing netlist for logic optimization

Processing XDC Constraints
Initializing timing engine
Parsing XDC File [c:/Users/33651/Desktop/projet_ajc/TP4_pilotage_de_LED_et_memoire_partie_2 - Copie/TP4_pilotage_de_LED_et_memoire_partie_2.gen/sources_1/ip/fifo_generator_0/fifo_generator_0.xdc] for cell 'fifo/U0'
Finished Parsing XDC File [c:/Users/33651/Desktop/projet_ajc/TP4_pilotage_de_LED_et_memoire_partie_2 - Copie/TP4_pilotage_de_LED_et_memoire_partie_2.gen/sources_1/ip/fifo_generator_0/fifo_generator_0.xdc] for cell 'fifo/U0'
Parsing XDC File [C:/Users/33651/Desktop/projet_ajc/TP4_pilotage_de_LED_et_memoire_partie_2 - Copie/TP4_pilotage_de_LED_et_memoire_partie_2.srcs/constrs_1/new/pin.xdc]
Finished Parsing XDC File [C:/Users/33651/Desktop/projet_ajc/TP4_pilotage_de_LED_et_memoire_partie_2 - Copie/TP4_pilotage_de_LED_et_memoire_partie_2.srcs/constrs_1/new/pin.xdc]
Completed Processing XDC Constraints

Netlist sorting complete. Time (s): cpu = 00:00:00 ; elapsed = 00:00:00 . Memory (MB): peak = 1536.656 ; gain = 0.000
INFO: [Project 1-111] Unisim Transformation Summary:
No Unisim elements were transformed.

RTL Elaboration Complete:  : Time (s): cpu = 00:00:15 ; elapsed = 00:00:10 . Memory (MB): peak = 1683.141 ; gain = 563.160
15 Infos, 3 Warnings, 0 Critical Warnings and 0 Errors encountered.
synth_design completed successfully
synth_design: Time (s): cpu = 00:00:20 ; elapsed = 00:00:25 . Memory (MB): peak = 1683.141 ; gain = 682.859
launch_simulation
Command: launch_simulation 
INFO: [Vivado 12-5698] Checking validity of IPs in the design for the 'XSim' simulator...
INFO: [Vivado 12-5682] Launching behavioral simulation in 'C:/Users/33651/Desktop/projet_ajc/TP4_pilotage_de_LED_et_memoire_partie_2 - Copie/TP4_pilotage_de_LED_et_memoire_partie_2.sim/sim_1/behav/xsim'
INFO: [Vivado 12-4795] Using compiled simulation libraries for IPs
INFO: [SIM-utils-51] Simulation object is 'sim_1'
INFO: [USF-XSim-7] Finding pre-compiled libraries...
INFO: [USF-XSim-11] File 'F:/vivado_2020.2/Vivado/2020.2/data/xsim/xsim.ini' copied to run dir:'C:/Users/33651/Desktop/projet_ajc/TP4_pilotage_de_LED_et_memoire_partie_2 - Copie/TP4_pilotage_de_LED_et_memoire_partie_2.sim/sim_1/behav/xsim'
INFO: [SIM-utils-54] Inspecting design source files for 'testbench' in fileset 'sim_1'...
INFO: [USF-XSim-97] Finding global include files...
INFO: [USF-XSim-98] Fetching design files from 'sim_1'...
INFO: [USF-XSim-2] XSim::Compile design
INFO: [USF-XSim-61] Executing 'COMPILE and ANALYZE' step in 'C:/Users/33651/Desktop/projet_ajc/TP4_pilotage_de_LED_et_memoire_partie_2 - Copie/TP4_pilotage_de_LED_et_memoire_partie_2.sim/sim_1/behav/xsim'
"xvlog --incr --relax -prj testbench_vlog.prj"
"xvhdl --incr --relax -prj testbench_vhdl.prj"
INFO: [VRFC 10-163] Analyzing VHDL file "C:/Users/33651/Desktop/projet_ajc/TP4_pilotage_de_LED_et_memoire_partie_2 - Copie/TP4_pilotage_de_LED_et_memoire_partie_2.srcs/sources_1/new/FSM.vhd" into library xil_defaultlib
INFO: [VRFC 10-3107] analyzing entity 'FSM'
INFO: [USF-XSim-69] 'compile' step finished in '4' seconds
INFO: [USF-XSim-3] XSim::Elaborate design
INFO: [USF-XSim-61] Executing 'ELABORATE' step in 'C:/Users/33651/Desktop/projet_ajc/TP4_pilotage_de_LED_et_memoire_partie_2 - Copie/TP4_pilotage_de_LED_et_memoire_partie_2.sim/sim_1/behav/xsim'
"xelab -wto 45a01ef0f504474eb9cb19fcd129bad1 --incr --debug typical --relax --mt 2 -L xil_defaultlib -L fifo_generator_v13_2_5 -L unisims_ver -L unimacro_ver -L secureip -L xpm --snapshot testbench_behav xil_defaultlib.testbench xil_defaultlib.glbl -log elaborate.log"
Vivado Simulator 2020.2
Copyright 1986-1999, 2001-2020 Xilinx, Inc. All Rights Reserved.
Running: F:/vivado_2020.2/Vivado/2020.2/bin/unwrapped/win64.o/xelab.exe -wto 45a01ef0f504474eb9cb19fcd129bad1 --incr --debug typical --relax --mt 2 -L xil_defaultlib -L fifo_generator_v13_2_5 -L unisims_ver -L unimacro_ver -L secureip -L xpm --snapshot testbench_behav xil_defaultlib.testbench xil_defaultlib.glbl -log elaborate.log 
Using 2 slave threads.
Starting static elaboration
Pass Through NonSizing Optimizer
Completed static elaboration
Starting simulation data flow analysis
Completed simulation data flow analysis
Time Resolution for simulation is 1ps
Compiling package std.standard
Compiling package std.textio
Compiling package ieee.std_logic_1164
Compiling package ieee.std_logic_arith
Compiling package ieee.std_logic_unsigned
Compiling package vl.vl_types
Compiling module xil_defaultlib.glbl
Compiling architecture behavioral of entity xil_defaultlib.Counter_Unit [\Counter_Unit(0,27)\]
Compiling module fifo_generator_v13_2_5.fifo_generator_v13_2_5_bhv_ver_s...
Compiling module fifo_generator_v13_2_5.fifo_generator_v13_2_5_CONV_VER(...
Compiling module fifo_generator_v13_2_5.fifo_generator_vlog_beh(C_COMMON...
Compiling module xil_defaultlib.fifo_generator_0
Compiling architecture behavioral of entity xil_defaultlib.FSM [\FSM(0,27)\]
Compiling architecture behavioral of entity xil_defaultlib.testbench
Built simulation snapshot testbench_behav
run_program: Time (s): cpu = 00:00:00 ; elapsed = 00:00:06 . Memory (MB): peak = 1691.742 ; gain = 0.000
INFO: [USF-XSim-69] 'elaborate' step finished in '6' seconds
INFO: [USF-XSim-4] XSim::Simulate design
INFO: [USF-XSim-61] Executing 'SIMULATE' step in 'C:/Users/33651/Desktop/projet_ajc/TP4_pilotage_de_LED_et_memoire_partie_2 - Copie/TP4_pilotage_de_LED_et_memoire_partie_2.sim/sim_1/behav/xsim'
INFO: [USF-XSim-98] *** Running xsim
   with args "testbench_behav -key {Behavioral:sim_1:Functional:testbench} -tclbatch {testbench.tcl} -log {simulate.log}"
INFO: [USF-XSim-8] Loading simulator feature
Vivado Simulator 2020.2
Time resolution is 1 ps
source testbench.tcl
# set curr_wave [current_wave_config]
# if { [string length $curr_wave] == 0 } {
#   if { [llength [get_objects]] > 0} {
#     add_wave /
#     set_property needs_save false [current_wave_config]
#   } else {
#      send_msg_id Add_Wave-1 WARNING "No top level signals found. Simulator will start without a wave window. If you want to open a wave window go to 'File->New Waveform Configuration' or type 'create_wave_config' in the TCL console."
#   }
# }
# run 1000ns
INFO: [USF-XSim-96] XSim completed. Design snapshot 'testbench_behav' loaded.
INFO: [USF-XSim-97] XSim simulation ran for 1000ns
launch_simulation: Time (s): cpu = 00:00:08 ; elapsed = 00:00:25 . Memory (MB): peak = 1740.844 ; gain = 49.102
run all
WARNING: [Simulator 45-29] Cannot open source file /wrk/ci/prod/2020.2/sw/continuous/733/packages/customer/vivado/data/ip/xilinx/fifo_generator_v13_2/simulation/fifo_generator_vlog_beh.v: file does not exist.
run: Time (s): cpu = 00:01:29 ; elapsed = 00:01:53 . Memory (MB): peak = 1807.719 ; gain = 61.336
close_sim
INFO: [Simtcl 6-16] Simulation closed
launch_simulation
Command: launch_simulation 
INFO: [Vivado 12-5698] Checking validity of IPs in the design for the 'XSim' simulator...
INFO: [Vivado 12-5682] Launching behavioral simulation in 'C:/Users/33651/Desktop/projet_ajc/TP4_pilotage_de_LED_et_memoire_partie_2 - Copie/TP4_pilotage_de_LED_et_memoire_partie_2.sim/sim_1/behav/xsim'
INFO: [Vivado 12-4795] Using compiled simulation libraries for IPs
INFO: [SIM-utils-51] Simulation object is 'sim_1'
INFO: [USF-XSim-7] Finding pre-compiled libraries...
INFO: [USF-XSim-11] File 'F:/vivado_2020.2/Vivado/2020.2/data/xsim/xsim.ini' copied to run dir:'C:/Users/33651/Desktop/projet_ajc/TP4_pilotage_de_LED_et_memoire_partie_2 - Copie/TP4_pilotage_de_LED_et_memoire_partie_2.sim/sim_1/behav/xsim'
INFO: [SIM-utils-54] Inspecting design source files for 'testbench' in fileset 'sim_1'...
INFO: [USF-XSim-97] Finding global include files...
INFO: [USF-XSim-98] Fetching design files from 'sim_1'...
INFO: [USF-XSim-2] XSim::Compile design
INFO: [USF-XSim-61] Executing 'COMPILE and ANALYZE' step in 'C:/Users/33651/Desktop/projet_ajc/TP4_pilotage_de_LED_et_memoire_partie_2 - Copie/TP4_pilotage_de_LED_et_memoire_partie_2.sim/sim_1/behav/xsim'
"xvlog --incr --relax -prj testbench_vlog.prj"
"xvhdl --incr --relax -prj testbench_vhdl.prj"
INFO: [VRFC 10-163] Analyzing VHDL file "C:/Users/33651/Desktop/projet_ajc/TP4_pilotage_de_LED_et_memoire_partie_2 - Copie/TP4_pilotage_de_LED_et_memoire_partie_2.srcs/sources_1/new/FSM.vhd" into library xil_defaultlib
INFO: [VRFC 10-3107] analyzing entity 'FSM'
INFO: [USF-XSim-69] 'compile' step finished in '3' seconds
INFO: [USF-XSim-3] XSim::Elaborate design
INFO: [USF-XSim-61] Executing 'ELABORATE' step in 'C:/Users/33651/Desktop/projet_ajc/TP4_pilotage_de_LED_et_memoire_partie_2 - Copie/TP4_pilotage_de_LED_et_memoire_partie_2.sim/sim_1/behav/xsim'
"xelab -wto 45a01ef0f504474eb9cb19fcd129bad1 --incr --debug typical --relax --mt 2 -L xil_defaultlib -L fifo_generator_v13_2_5 -L unisims_ver -L unimacro_ver -L secureip -L xpm --snapshot testbench_behav xil_defaultlib.testbench xil_defaultlib.glbl -log elaborate.log"
Vivado Simulator 2020.2
Copyright 1986-1999, 2001-2020 Xilinx, Inc. All Rights Reserved.
Running: F:/vivado_2020.2/Vivado/2020.2/bin/unwrapped/win64.o/xelab.exe -wto 45a01ef0f504474eb9cb19fcd129bad1 --incr --debug typical --relax --mt 2 -L xil_defaultlib -L fifo_generator_v13_2_5 -L unisims_ver -L unimacro_ver -L secureip -L xpm --snapshot testbench_behav xil_defaultlib.testbench xil_defaultlib.glbl -log elaborate.log 
Using 2 slave threads.
Starting static elaboration
Pass Through NonSizing Optimizer
Completed static elaboration
Starting simulation data flow analysis
Completed simulation data flow analysis
Time Resolution for simulation is 1ps
Compiling package std.standard
Compiling package std.textio
Compiling package ieee.std_logic_1164
Compiling package ieee.std_logic_arith
Compiling package ieee.std_logic_unsigned
Compiling package vl.vl_types
Compiling module xil_defaultlib.glbl
Compiling architecture behavioral of entity xil_defaultlib.Counter_Unit [\Counter_Unit(0,27)\]
Compiling module fifo_generator_v13_2_5.fifo_generator_v13_2_5_bhv_ver_s...
Compiling module fifo_generator_v13_2_5.fifo_generator_v13_2_5_CONV_VER(...
Compiling module fifo_generator_v13_2_5.fifo_generator_vlog_beh(C_COMMON...
Compiling module xil_defaultlib.fifo_generator_0
Compiling architecture behavioral of entity xil_defaultlib.FSM [\FSM(0,27)\]
Compiling architecture behavioral of entity xil_defaultlib.testbench
Built simulation snapshot testbench_behav
INFO: [USF-XSim-69] 'elaborate' step finished in '3' seconds
INFO: [USF-XSim-4] XSim::Simulate design
INFO: [USF-XSim-61] Executing 'SIMULATE' step in 'C:/Users/33651/Desktop/projet_ajc/TP4_pilotage_de_LED_et_memoire_partie_2 - Copie/TP4_pilotage_de_LED_et_memoire_partie_2.sim/sim_1/behav/xsim'
INFO: [USF-XSim-98] *** Running xsim
   with args "testbench_behav -key {Behavioral:sim_1:Functional:testbench} -tclbatch {testbench.tcl} -log {simulate.log}"
INFO: [USF-XSim-8] Loading simulator feature
Vivado Simulator 2020.2
Time resolution is 1 ps
source testbench.tcl
# set curr_wave [current_wave_config]
# if { [string length $curr_wave] == 0 } {
#   if { [llength [get_objects]] > 0} {
#     add_wave /
#     set_property needs_save false [current_wave_config]
#   } else {
#      send_msg_id Add_Wave-1 WARNING "No top level signals found. Simulator will start without a wave window. If you want to open a wave window go to 'File->New Waveform Configuration' or type 'create_wave_config' in the TCL console."
#   }
# }
# run 1000ns
INFO: [USF-XSim-96] XSim completed. Design snapshot 'testbench_behav' loaded.
INFO: [USF-XSim-97] XSim simulation ran for 1000ns
launch_simulation: Time (s): cpu = 00:00:05 ; elapsed = 00:00:10 . Memory (MB): peak = 1811.059 ; gain = 3.340
run all
WARNING: [Simulator 45-29] Cannot open source file /wrk/ci/prod/2020.2/sw/continuous/733/packages/customer/vivado/data/ip/xilinx/fifo_generator_v13_2/simulation/fifo_generator_vlog_beh.v: file does not exist.
run: Time (s): cpu = 00:00:44 ; elapsed = 00:01:07 . Memory (MB): peak = 1811.059 ; gain = 0.000
close_sim
INFO: [Simtcl 6-16] Simulation closed
launch_simulation
Command: launch_simulation 
INFO: [Vivado 12-5698] Checking validity of IPs in the design for the 'XSim' simulator...
INFO: [Vivado 12-5682] Launching behavioral simulation in 'C:/Users/33651/Desktop/projet_ajc/TP4_pilotage_de_LED_et_memoire_partie_2 - Copie/TP4_pilotage_de_LED_et_memoire_partie_2.sim/sim_1/behav/xsim'
INFO: [Vivado 12-4795] Using compiled simulation libraries for IPs
INFO: [SIM-utils-51] Simulation object is 'sim_1'
INFO: [USF-XSim-7] Finding pre-compiled libraries...
INFO: [USF-XSim-11] File 'F:/vivado_2020.2/Vivado/2020.2/data/xsim/xsim.ini' copied to run dir:'C:/Users/33651/Desktop/projet_ajc/TP4_pilotage_de_LED_et_memoire_partie_2 - Copie/TP4_pilotage_de_LED_et_memoire_partie_2.sim/sim_1/behav/xsim'
INFO: [SIM-utils-54] Inspecting design source files for 'testbench' in fileset 'sim_1'...
INFO: [USF-XSim-97] Finding global include files...
INFO: [USF-XSim-98] Fetching design files from 'sim_1'...
INFO: [USF-XSim-2] XSim::Compile design
INFO: [USF-XSim-61] Executing 'COMPILE and ANALYZE' step in 'C:/Users/33651/Desktop/projet_ajc/TP4_pilotage_de_LED_et_memoire_partie_2 - Copie/TP4_pilotage_de_LED_et_memoire_partie_2.sim/sim_1/behav/xsim'
"xvlog --incr --relax -prj testbench_vlog.prj"
"xvhdl --incr --relax -prj testbench_vhdl.prj"
INFO: [VRFC 10-163] Analyzing VHDL file "C:/Users/33651/Desktop/projet_ajc/TP4_pilotage_de_LED_et_memoire_partie_2 - Copie/TP4_pilotage_de_LED_et_memoire_partie_2.srcs/sources_1/new/FSM.vhd" into library xil_defaultlib
INFO: [VRFC 10-3107] analyzing entity 'FSM'
INFO: [USF-XSim-69] 'compile' step finished in '2' seconds
INFO: [USF-XSim-3] XSim::Elaborate design
INFO: [USF-XSim-61] Executing 'ELABORATE' step in 'C:/Users/33651/Desktop/projet_ajc/TP4_pilotage_de_LED_et_memoire_partie_2 - Copie/TP4_pilotage_de_LED_et_memoire_partie_2.sim/sim_1/behav/xsim'
"xelab -wto 45a01ef0f504474eb9cb19fcd129bad1 --incr --debug typical --relax --mt 2 -L xil_defaultlib -L fifo_generator_v13_2_5 -L unisims_ver -L unimacro_ver -L secureip -L xpm --snapshot testbench_behav xil_defaultlib.testbench xil_defaultlib.glbl -log elaborate.log"
Vivado Simulator 2020.2
Copyright 1986-1999, 2001-2020 Xilinx, Inc. All Rights Reserved.
Running: F:/vivado_2020.2/Vivado/2020.2/bin/unwrapped/win64.o/xelab.exe -wto 45a01ef0f504474eb9cb19fcd129bad1 --incr --debug typical --relax --mt 2 -L xil_defaultlib -L fifo_generator_v13_2_5 -L unisims_ver -L unimacro_ver -L secureip -L xpm --snapshot testbench_behav xil_defaultlib.testbench xil_defaultlib.glbl -log elaborate.log 
Using 2 slave threads.
Starting static elaboration
Pass Through NonSizing Optimizer
Completed static elaboration
Starting simulation data flow analysis
Completed simulation data flow analysis
Time Resolution for simulation is 1ps
Compiling package std.standard
Compiling package std.textio
Compiling package ieee.std_logic_1164
Compiling package ieee.std_logic_arith
Compiling package ieee.std_logic_unsigned
Compiling package vl.vl_types
Compiling module xil_defaultlib.glbl
Compiling architecture behavioral of entity xil_defaultlib.Counter_Unit [\Counter_Unit(0,27)\]
Compiling module fifo_generator_v13_2_5.fifo_generator_v13_2_5_bhv_ver_s...
Compiling module fifo_generator_v13_2_5.fifo_generator_v13_2_5_CONV_VER(...
Compiling module fifo_generator_v13_2_5.fifo_generator_vlog_beh(C_COMMON...
Compiling module xil_defaultlib.fifo_generator_0
Compiling architecture behavioral of entity xil_defaultlib.FSM [\FSM(0,27)\]
Compiling architecture behavioral of entity xil_defaultlib.testbench
Built simulation snapshot testbench_behav
INFO: [USF-XSim-69] 'elaborate' step finished in '4' seconds
INFO: [USF-XSim-4] XSim::Simulate design
INFO: [USF-XSim-61] Executing 'SIMULATE' step in 'C:/Users/33651/Desktop/projet_ajc/TP4_pilotage_de_LED_et_memoire_partie_2 - Copie/TP4_pilotage_de_LED_et_memoire_partie_2.sim/sim_1/behav/xsim'
INFO: [USF-XSim-98] *** Running xsim
   with args "testbench_behav -key {Behavioral:sim_1:Functional:testbench} -tclbatch {testbench.tcl} -log {simulate.log}"
INFO: [USF-XSim-8] Loading simulator feature
Vivado Simulator 2020.2
Time resolution is 1 ps
source testbench.tcl
# set curr_wave [current_wave_config]
# if { [string length $curr_wave] == 0 } {
#   if { [llength [get_objects]] > 0} {
#     add_wave /
#     set_property needs_save false [current_wave_config]
#   } else {
#      send_msg_id Add_Wave-1 WARNING "No top level signals found. Simulator will start without a wave window. If you want to open a wave window go to 'File->New Waveform Configuration' or type 'create_wave_config' in the TCL console."
#   }
# }
# run 1000ns
INFO: [USF-XSim-96] XSim completed. Design snapshot 'testbench_behav' loaded.
INFO: [USF-XSim-97] XSim simulation ran for 1000ns
launch_simulation: Time (s): cpu = 00:00:06 ; elapsed = 00:00:16 . Memory (MB): peak = 1811.059 ; gain = 0.000
close_sim
INFO: [Simtcl 6-16] Simulation closed
exit
INFO: [Common 17-206] Exiting Vivado at Tue Jul 21 10:07:13 2026...
