#-----------------------------------------------------------
# Vivado v2020.2 (64-bit)
# SW Build 3064766 on Wed Nov 18 09:12:45 MST 2020
# IP Build 3064653 on Wed Nov 18 14:17:31 MST 2020
# Start of session at: Mon Jul 20 17:17:04 2026
# Process ID: 29388
# Current directory: C:/Users/33651/Desktop/projet_ajc/TP4_pilotage_de_LED_et_memoire_partie_2 - Copie
# Command line: vivado.exe -gui_launcher_event rodinguilauncherevent27372 C:\Users\33651\Desktop\projet_ajc\TP4_pilotage_de_LED_et_memoire_partie_2 - Copie\TP4_pilotage_de_LED_et_memoire_partie_2.xpr
# Log file: C:/Users/33651/Desktop/projet_ajc/TP4_pilotage_de_LED_et_memoire_partie_2 - Copie/vivado.log
# Journal file: C:/Users/33651/Desktop/projet_ajc/TP4_pilotage_de_LED_et_memoire_partie_2 - Copie\vivado.jou
#-----------------------------------------------------------
start_gui
open_project {C:/Users/33651/Desktop/projet_ajc/TP4_pilotage_de_LED_et_memoire_partie_2 - Copie/TP4_pilotage_de_LED_et_memoire_partie_2.xpr}
INFO: [ProjectBase 1-489] The host OS only allows 260 characters in a normal path. The project is stored in a path with more than 80 characters. If you experience issues with IP, Block Designs, or files not being found, please consider moving the project to a location with a shorter path. Alternately consider using the OS subst command to map part of the path to a drive letter.
Current project path is 'C:/Users/33651/Desktop/projet_ajc/TP4_pilotage_de_LED_et_memoire_partie_2 - Copie'
Scanning sources...
Finished scanning sources
INFO: [IP_Flow 19-234] Refreshing IP repositories
INFO: [IP_Flow 19-1704] No user IP repositories specified
INFO: [IP_Flow 19-2313] Loaded Vivado IP repository 'F:/vivado_2020.2/Vivado/2020.2/data/ip'.
update_compile_order -fileset sources_1
launch_simulation
Command: launch_simulation 
boost::filesystem::remove: Le processus ne peut pas accéder au fichier car ce fichier est utilisé par un autre processus: "C:/Users/33651/Desktop/projet_ajc/TP4_pilotage_de_LED_et_memoire_partie_2 - Copie/TP4_pilotage_de_LED_et_memoire_partie_2.sim/sim_1/behav/xsim/simulate.log"
launch_simulation
Command: launch_simulation 
INFO: [Vivado 12-5698] Checking validity of IPs in the design for the 'XSim' simulator...
INFO: [Vivado 12-5682] Launching behavioral simulation in 'C:/Users/33651/Desktop/projet_ajc/TP4_pilotage_de_LED_et_memoire_partie_2 - Copie/TP4_pilotage_de_LED_et_memoire_partie_2.sim/sim_1/behav/xsim'
INFO: [Vivado 12-4795] Using compiled simulation libraries for IPs
INFO: [SIM-utils-51] Simulation object is 'sim_1'
INFO: [USF-XSim-7] Finding pre-compiled libraries...
INFO: [USF-XSim-11] File 'F:/vivado_2020.2/Vivado/2020.2/data/xsim/xsim.ini' copied to run dir:'C:/Users/33651/Desktop/projet_ajc/TP4_pilotage_de_LED_et_memoire_partie_2 - Copie/TP4_pilotage_de_LED_et_memoire_partie_2.sim/sim_1/behav/xsim'
INFO: [SIM-utils-54] Inspecting design source files for 'testbench' in fileset 'sim_1'...
INFO: [USF-XSim-97] Finding global include files...
INFO: [USF-XSim-98] Fetching design files from 'sim_1'...
INFO: [USF-XSim-2] XSim::Compile design
INFO: [USF-XSim-61] Executing 'COMPILE and ANALYZE' step in 'C:/Users/33651/Desktop/projet_ajc/TP4_pilotage_de_LED_et_memoire_partie_2 - Copie/TP4_pilotage_de_LED_et_memoire_partie_2.sim/sim_1/behav/xsim'
"xvlog --incr --relax -prj testbench_vlog.prj"
"xvhdl --incr --relax -prj testbench_vhdl.prj"
INFO: [VRFC 10-163] Analyzing VHDL file "C:/Users/33651/Desktop/projet_ajc/TP4_pilotage_de_LED_et_memoire_partie_2 - Copie/TP4_pilotage_de_LED_et_memoire_partie_2.srcs/sources_1/new/FSM.vhd" into library xil_defaultlib
INFO: [VRFC 10-3107] analyzing entity 'FSM'
INFO: [USF-XSim-69] 'compile' step finished in '3' seconds
INFO: [USF-XSim-3] XSim::Elaborate design
INFO: [USF-XSim-61] Executing 'ELABORATE' step in 'C:/Users/33651/Desktop/projet_ajc/TP4_pilotage_de_LED_et_memoire_partie_2 - Copie/TP4_pilotage_de_LED_et_memoire_partie_2.sim/sim_1/behav/xsim'
"xelab -wto 45a01ef0f504474eb9cb19fcd129bad1 --incr --debug typical --relax --mt 2 -L xil_defaultlib -L fifo_generator_v13_2_5 -L unisims_ver -L unimacro_ver -L secureip -L xpm --snapshot testbench_behav xil_defaultlib.testbench xil_defaultlib.glbl -log elaborate.log"
Vivado Simulator 2020.2
Copyright 1986-1999, 2001-2020 Xilinx, Inc. All Rights Reserved.
Running: F:/vivado_2020.2/Vivado/2020.2/bin/unwrapped/win64.o/xelab.exe -wto 45a01ef0f504474eb9cb19fcd129bad1 --incr --debug typical --relax --mt 2 -L xil_defaultlib -L fifo_generator_v13_2_5 -L unisims_ver -L unimacro_ver -L secureip -L xpm --snapshot testbench_behav xil_defaultlib.testbench xil_defaultlib.glbl -log elaborate.log 
Using 2 slave threads.
Starting static elaboration
Pass Through NonSizing Optimizer
Completed static elaboration
Starting simulation data flow analysis
Completed simulation data flow analysis
Time Resolution for simulation is 1ps
Compiling package std.standard
Compiling package std.textio
Compiling package ieee.std_logic_1164
Compiling package ieee.std_logic_arith
Compiling package ieee.std_logic_unsigned
Compiling package vl.vl_types
Compiling module xil_defaultlib.glbl
Compiling architecture behavioral of entity xil_defaultlib.Counter_Unit [\Counter_Unit(0,27)\]
Compiling module fifo_generator_v13_2_5.fifo_generator_v13_2_5_bhv_ver_s...
Compiling module fifo_generator_v13_2_5.fifo_generator_v13_2_5_CONV_VER(...
Compiling module fifo_generator_v13_2_5.fifo_generator_vlog_beh(C_COMMON...
Compiling module xil_defaultlib.fifo_generator_0
Compiling architecture behavioral of entity xil_defaultlib.FSM [\FSM(0,27)\]
Compiling architecture behavioral of entity xil_defaultlib.testbench
Built simulation snapshot testbench_behav
INFO: [USF-XSim-69] 'elaborate' step finished in '3' seconds
INFO: [USF-XSim-4] XSim::Simulate design
INFO: [USF-XSim-61] Executing 'SIMULATE' step in 'C:/Users/33651/Desktop/projet_ajc/TP4_pilotage_de_LED_et_memoire_partie_2 - Copie/TP4_pilotage_de_LED_et_memoire_partie_2.sim/sim_1/behav/xsim'
INFO: [USF-XSim-98] *** Running xsim
   with args "testbench_behav -key {Behavioral:sim_1:Functional:testbench} -tclbatch {testbench.tcl} -log {simulate.log}"
INFO: [USF-XSim-8] Loading simulator feature
Vivado Simulator 2020.2
Time resolution is 1 ps
source testbench.tcl
# set curr_wave [current_wave_config]
# if { [string length $curr_wave] == 0 } {
#   if { [llength [get_objects]] > 0} {
#     add_wave /
#     set_property needs_save false [current_wave_config]
#   } else {
#      send_msg_id Add_Wave-1 WARNING "No top level signals found. Simulator will start without a wave window. If you want to open a wave window go to 'File->New Waveform Configuration' or type 'create_wave_config' in the TCL console."
#   }
# }
# run 1000ns
INFO: [USF-XSim-96] XSim completed. Design snapshot 'testbench_behav' loaded.
INFO: [USF-XSim-97] XSim simulation ran for 1000ns
launch_simulation: Time (s): cpu = 00:00:08 ; elapsed = 00:00:12 . Memory (MB): peak = 1006.434 ; gain = 0.000
run all
run: Time (s): cpu = 00:00:31 ; elapsed = 00:00:32 . Memory (MB): peak = 1006.434 ; gain = 0.000
close_sim
INFO: [Simtcl 6-16] Simulation closed
launch_simulation
Command: launch_simulation 
INFO: [Vivado 12-5698] Checking validity of IPs in the design for the 'XSim' simulator...
INFO: [Vivado 12-5682] Launching behavioral simulation in 'C:/Users/33651/Desktop/projet_ajc/TP4_pilotage_de_LED_et_memoire_partie_2 - Copie/TP4_pilotage_de_LED_et_memoire_partie_2.sim/sim_1/behav/xsim'
INFO: [Vivado 12-4795] Using compiled simulation libraries for IPs
INFO: [SIM-utils-51] Simulation object is 'sim_1'
INFO: [USF-XSim-7] Finding pre-compiled libraries...
INFO: [USF-XSim-11] File 'F:/vivado_2020.2/Vivado/2020.2/data/xsim/xsim.ini' copied to run dir:'C:/Users/33651/Desktop/projet_ajc/TP4_pilotage_de_LED_et_memoire_partie_2 - Copie/TP4_pilotage_de_LED_et_memoire_partie_2.sim/sim_1/behav/xsim'
INFO: [SIM-utils-54] Inspecting design source files for 'testbench' in fileset 'sim_1'...
INFO: [USF-XSim-97] Finding global include files...
INFO: [USF-XSim-98] Fetching design files from 'sim_1'...
INFO: [USF-XSim-2] XSim::Compile design
INFO: [USF-XSim-61] Executing 'COMPILE and ANALYZE' step in 'C:/Users/33651/Desktop/projet_ajc/TP4_pilotage_de_LED_et_memoire_partie_2 - Copie/TP4_pilotage_de_LED_et_memoire_partie_2.sim/sim_1/behav/xsim'
"xvlog --incr --relax -prj testbench_vlog.prj"
"xvhdl --incr --relax -prj testbench_vhdl.prj"
INFO: [VRFC 10-163] Analyzing VHDL file "C:/Users/33651/Desktop/projet_ajc/TP4_pilotage_de_LED_et_memoire_partie_2 - Copie/TP4_pilotage_de_LED_et_memoire_partie_2.srcs/sources_1/new/FSM.vhd" into library xil_defaultlib
INFO: [VRFC 10-3107] analyzing entity 'FSM'
INFO: [USF-XSim-69] 'compile' step finished in '3' seconds
INFO: [USF-XSim-3] XSim::Elaborate design
INFO: [USF-XSim-61] Executing 'ELABORATE' step in 'C:/Users/33651/Desktop/projet_ajc/TP4_pilotage_de_LED_et_memoire_partie_2 - Copie/TP4_pilotage_de_LED_et_memoire_partie_2.sim/sim_1/behav/xsim'
"xelab -wto 45a01ef0f504474eb9cb19fcd129bad1 --incr --debug typical --relax --mt 2 -L xil_defaultlib -L fifo_generator_v13_2_5 -L unisims_ver -L unimacro_ver -L secureip -L xpm --snapshot testbench_behav xil_defaultlib.testbench xil_defaultlib.glbl -log elaborate.log"
Vivado Simulator 2020.2
Copyright 1986-1999, 2001-2020 Xilinx, Inc. All Rights Reserved.
Running: F:/vivado_2020.2/Vivado/2020.2/bin/unwrapped/win64.o/xelab.exe -wto 45a01ef0f504474eb9cb19fcd129bad1 --incr --debug typical --relax --mt 2 -L xil_defaultlib -L fifo_generator_v13_2_5 -L unisims_ver -L unimacro_ver -L secureip -L xpm --snapshot testbench_behav xil_defaultlib.testbench xil_defaultlib.glbl -log elaborate.log 
Using 2 slave threads.
Starting static elaboration
Pass Through NonSizing Optimizer
Completed static elaboration
Starting simulation data flow analysis
Completed simulation data flow analysis
Time Resolution for simulation is 1ps
Compiling package std.standard
Compiling package std.textio
Compiling package ieee.std_logic_1164
Compiling package ieee.std_logic_arith
Compiling package ieee.std_logic_unsigned
Compiling package vl.vl_types
Compiling module xil_defaultlib.glbl
Compiling architecture behavioral of entity xil_defaultlib.Counter_Unit [\Counter_Unit(0,27)\]
Compiling module fifo_generator_v13_2_5.fifo_generator_v13_2_5_bhv_ver_s...
Compiling module fifo_generator_v13_2_5.fifo_generator_v13_2_5_CONV_VER(...
Compiling module fifo_generator_v13_2_5.fifo_generator_vlog_beh(C_COMMON...
Compiling module xil_defaultlib.fifo_generator_0
Compiling architecture behavioral of entity xil_defaultlib.FSM [\FSM(0,27)\]
Compiling architecture behavioral of entity xil_defaultlib.testbench
Built simulation snapshot testbench_behav
INFO: [USF-XSim-69] 'elaborate' step finished in '2' seconds
INFO: [USF-XSim-4] XSim::Simulate design
INFO: [USF-XSim-61] Executing 'SIMULATE' step in 'C:/Users/33651/Desktop/projet_ajc/TP4_pilotage_de_LED_et_memoire_partie_2 - Copie/TP4_pilotage_de_LED_et_memoire_partie_2.sim/sim_1/behav/xsim'
INFO: [USF-XSim-98] *** Running xsim
   with args "testbench_behav -key {Behavioral:sim_1:Functional:testbench} -tclbatch {testbench.tcl} -log {simulate.log}"
INFO: [USF-XSim-8] Loading simulator feature
Vivado Simulator 2020.2
Time resolution is 1 ps
source testbench.tcl
# set curr_wave [current_wave_config]
# if { [string length $curr_wave] == 0 } {
#   if { [llength [get_objects]] > 0} {
#     add_wave /
#     set_property needs_save false [current_wave_config]
#   } else {
#      send_msg_id Add_Wave-1 WARNING "No top level signals found. Simulator will start without a wave window. If you want to open a wave window go to 'File->New Waveform Configuration' or type 'create_wave_config' in the TCL console."
#   }
# }
# run 1000ns
INFO: [USF-XSim-96] XSim completed. Design snapshot 'testbench_behav' loaded.
INFO: [USF-XSim-97] XSim simulation ran for 1000ns
launch_simulation: Time (s): cpu = 00:00:05 ; elapsed = 00:00:10 . Memory (MB): peak = 1006.434 ; gain = 0.000
run all
WARNING: [Simulator 45-29] Cannot open source file /wrk/ci/prod/2020.2/sw/continuous/733/packages/customer/vivado/data/ip/xilinx/fifo_generator_v13_2/simulation/fifo_generator_vlog_beh.v: file does not exist.
run: Time (s): cpu = 00:01:17 ; elapsed = 00:01:27 . Memory (MB): peak = 1006.434 ; gain = 0.000
close_sim
INFO: [Simtcl 6-16] Simulation closed
exit
INFO: [Common 17-206] Exiting Vivado at Mon Jul 20 17:41:03 2026...
