#-----------------------------------------------------------
# Vivado v2020.2 (64-bit)
# SW Build 3064766 on Wed Nov 18 09:12:45 MST 2020
# IP Build 3064653 on Wed Nov 18 14:17:31 MST 2020
# Start of session at: Mon Jul 20 15:51:37 2026
# Process ID: 16816
# Current directory: C:/Users/33651/Desktop/projet_ajc/TP4_pilotage_de_LED_et_memoire_partie_2 - Copie
# Command line: vivado.exe -gui_launcher_event rodinguilauncherevent20276 C:\Users\33651\Desktop\projet_ajc\TP4_pilotage_de_LED_et_memoire_partie_2 - Copie\TP4_pilotage_de_LED_et_memoire_partie_2.xpr
# Log file: C:/Users/33651/Desktop/projet_ajc/TP4_pilotage_de_LED_et_memoire_partie_2 - Copie/vivado.log
# Journal file: C:/Users/33651/Desktop/projet_ajc/TP4_pilotage_de_LED_et_memoire_partie_2 - Copie\vivado.jou
#-----------------------------------------------------------
start_gui
open_project {C:/Users/33651/Desktop/projet_ajc/TP4_pilotage_de_LED_et_memoire_partie_2 - Copie/TP4_pilotage_de_LED_et_memoire_partie_2.xpr}
update_compile_order -fileset sources_1
launch_simulation
source testbench.tcl
run all
close_sim
launch_simulation
source testbench.tcl
run all
close_sim
launch_simulation
source testbench.tcl
run all
close_sim
launch_simulation
source testbench.tcl
run all
close_sim
launch_simulation
source testbench.tcl
run all
close_sim
launch_simulation
source testbench.tcl
run all
close_sim
launch_simulation
source testbench.tcl
run all
reset_run synth_1
launch_runs impl_1 -to_step write_bitstream -jobs 8
wait_on_run impl_1
close_sim
launch_simulation
source testbench.tcl
run all
close_sim
